[0.530s] Invoking command in '/workspaces/rmf_ws/build/mr_robot_gazebo': AMENT_PREFIX_PATH=/workspaces/rmf_ws/install/mr_robot_description:${AMENT_PREFIX_PATH} PYTHONPATH=/workspaces/rmf_ws/build/mr_robot_gazebo/prefix_override:/usr/lib/python3/dist-packages/colcon_core/task/python/colcon_distutils_commands:/workspaces/rmf_ws/install/mr_robot_gazebo/lib/python3.10/site-packages:/workspaces/rmf_ws/build/mr_robot_description:/workspaces/rmf_ws/install/mr_robot_description/lib/python3.10/site-packages:${PYTHONPATH} /usr/bin/python3 -W ignore:setup.py install is deprecated -W ignore:easy_install command is deprecated setup.py develop --editable --build-directory /workspaces/rmf_ws/build/mr_robot_gazebo/build --no-deps symlink_data
[0.732s] running develop
[0.859s] running egg_info
[0.859s] creating mr_robot_gazebo.egg-info
[0.859s] writing mr_robot_gazebo.egg-info/PKG-INFO
[0.860s] writing dependency_links to mr_robot_gazebo.egg-info/dependency_links.txt
[0.860s] writing entry points to mr_robot_gazebo.egg-info/entry_points.txt
[0.860s] writing requirements to mr_robot_gazebo.egg-info/requires.txt
[0.860s] writing top-level names to mr_robot_gazebo.egg-info/top_level.txt
[0.860s] writing manifest file 'mr_robot_gazebo.egg-info/SOURCES.txt'
[0.862s] reading manifest file 'mr_robot_gazebo.egg-info/SOURCES.txt'
[0.862s] writing manifest file 'mr_robot_gazebo.egg-info/SOURCES.txt'
[0.865s] running build_ext
[0.865s] Creating /workspaces/rmf_ws/install/mr_robot_gazebo/lib/python3.10/site-packages/mr-robot-gazebo.egg-link (link to .)
[0.865s] 
[0.866s] Installed /workspaces/rmf_ws/build/mr_robot_gazebo
[0.866s] running symlink_data
[0.866s] creating /workspaces/rmf_ws/install/mr_robot_gazebo/share/ament_index
[0.866s] creating /workspaces/rmf_ws/install/mr_robot_gazebo/share/ament_index/resource_index
[0.866s] creating /workspaces/rmf_ws/install/mr_robot_gazebo/share/ament_index/resource_index/packages
[0.866s] symbolically linking /workspaces/rmf_ws/build/mr_robot_gazebo/resource/mr_robot_gazebo -> /workspaces/rmf_ws/install/mr_robot_gazebo/share/ament_index/resource_index/packages
[0.866s] symbolically linking /workspaces/rmf_ws/build/mr_robot_gazebo/package.xml -> /workspaces/rmf_ws/install/mr_robot_gazebo/share/mr_robot_gazebo
[0.866s] creating /workspaces/rmf_ws/install/mr_robot_gazebo/share/mr_robot_gazebo/launch
[0.866s] symbolically linking /workspaces/rmf_ws/build/mr_robot_gazebo/launch/gazebo.launch.py -> /workspaces/rmf_ws/install/mr_robot_gazebo/share/mr_robot_gazebo/launch
[0.866s] creating /workspaces/rmf_ws/install/mr_robot_gazebo/share/mr_robot_gazebo/config
[0.866s] symbolically linking /workspaces/rmf_ws/build/mr_robot_gazebo/config/bridge.yaml -> /workspaces/rmf_ws/install/mr_robot_gazebo/share/mr_robot_gazebo/config
[0.866s] creating /workspaces/rmf_ws/install/mr_robot_gazebo/share/mr_robot_gazebo/world
[0.866s] symbolically linking /workspaces/rmf_ws/build/mr_robot_gazebo/world/sample.sdf -> /workspaces/rmf_ws/install/mr_robot_gazebo/share/mr_robot_gazebo/world
[0.866s] symbolically linking /workspaces/rmf_ws/build/mr_robot_gazebo/world/world.sdf -> /workspaces/rmf_ws/install/mr_robot_gazebo/share/mr_robot_gazebo/world
[0.894s] Invoked command in '/workspaces/rmf_ws/build/mr_robot_gazebo' returned '0': AMENT_PREFIX_PATH=/workspaces/rmf_ws/install/mr_robot_description:${AMENT_PREFIX_PATH} PYTHONPATH=/workspaces/rmf_ws/build/mr_robot_gazebo/prefix_override:/usr/lib/python3/dist-packages/colcon_core/task/python/colcon_distutils_commands:/workspaces/rmf_ws/install/mr_robot_gazebo/lib/python3.10/site-packages:/workspaces/rmf_ws/build/mr_robot_description:/workspaces/rmf_ws/install/mr_robot_description/lib/python3.10/site-packages:${PYTHONPATH} /usr/bin/python3 -W ignore:setup.py install is deprecated -W ignore:easy_install command is deprecated setup.py develop --editable --build-directory /workspaces/rmf_ws/build/mr_robot_gazebo/build --no-deps symlink_data
