[0.297s] Invoking command in '/home/dream_hell/learning_rmf_ws/src/build/mr_robot_gazebo': CMAKE_PREFIX_PATH=${CMAKE_PREFIX_PATH}:/home/dream_hell/learning_rmf_ws/src/install/mr_robot_description:/opt/ros/humble /usr/bin/cmake --build /home/dream_hell/learning_rmf_ws/src/build/mr_robot_gazebo -- -j8 -l8
[0.375s] Invoked command in '/home/dream_hell/learning_rmf_ws/src/build/mr_robot_gazebo' returned '0': CMAKE_PREFIX_PATH=${CMAKE_PREFIX_PATH}:/home/dream_hell/learning_rmf_ws/src/install/mr_robot_description:/opt/ros/humble /usr/bin/cmake --build /home/dream_hell/learning_rmf_ws/src/build/mr_robot_gazebo -- -j8 -l8
[0.402s] Invoking command in '/home/dream_hell/learning_rmf_ws/src/build/mr_robot_gazebo': CMAKE_PREFIX_PATH=${CMAKE_PREFIX_PATH}:/home/dream_hell/learning_rmf_ws/src/install/mr_robot_description:/opt/ros/humble /usr/bin/cmake --install /home/dream_hell/learning_rmf_ws/src/build/mr_robot_gazebo
[0.414s] -- Install configuration: ""
[0.414s] -- Up-to-date: /home/dream_hell/learning_rmf_ws/src/install/mr_robot_gazebo/share/mr_robot_gazebo/launch
[0.415s] -- Up-to-date: /home/dream_hell/learning_rmf_ws/src/install/mr_robot_gazebo/share/mr_robot_gazebo/launch/robot.launch.py
[0.415s] -- Up-to-date: /home/dream_hell/learning_rmf_ws/src/install/mr_robot_gazebo/share/mr_robot_gazebo/worlds
[0.415s] -- Up-to-date: /home/dream_hell/learning_rmf_ws/src/install/mr_robot_gazebo/share/mr_robot_gazebo/worlds/world.sdf
[0.415s] -- Up-to-date: /home/dream_hell/learning_rmf_ws/src/install/mr_robot_gazebo/share/mr_robot_gazebo/config
[0.416s] -- Installing: /home/dream_hell/learning_rmf_ws/src/install/mr_robot_gazebo/share/mr_robot_gazebo/config/bridge.yaml
[0.416s] -- Up-to-date: /home/dream_hell/learning_rmf_ws/src/install/mr_robot_gazebo/share/ament_index/resource_index/package_run_dependencies/mr_robot_gazebo
[0.416s] -- Up-to-date: /home/dream_hell/learning_rmf_ws/src/install/mr_robot_gazebo/share/ament_index/resource_index/parent_prefix_path/mr_robot_gazebo
[0.416s] -- Up-to-date: /home/dream_hell/learning_rmf_ws/src/install/mr_robot_gazebo/share/mr_robot_gazebo/environment/ament_prefix_path.sh
[0.417s] -- Up-to-date: /home/dream_hell/learning_rmf_ws/src/install/mr_robot_gazebo/share/mr_robot_gazebo/environment/ament_prefix_path.dsv
[0.417s] -- Up-to-date: /home/dream_hell/learning_rmf_ws/src/install/mr_robot_gazebo/share/mr_robot_gazebo/environment/path.sh
[0.418s] -- Up-to-date: /home/dream_hell/learning_rmf_ws/src/install/mr_robot_gazebo/share/mr_robot_gazebo/environment/path.dsv
[0.418s] -- Up-to-date: /home/dream_hell/learning_rmf_ws/src/install/mr_robot_gazebo/share/mr_robot_gazebo/local_setup.bash
[0.419s] -- Up-to-date: /home/dream_hell/learning_rmf_ws/src/install/mr_robot_gazebo/share/mr_robot_gazebo/local_setup.sh
[0.419s] -- Up-to-date: /home/dream_hell/learning_rmf_ws/src/install/mr_robot_gazebo/share/mr_robot_gazebo/local_setup.zsh
[0.421s] -- Up-to-date: /home/dream_hell/learning_rmf_ws/src/install/mr_robot_gazebo/share/mr_robot_gazebo/local_setup.dsv
[0.422s] -- Up-to-date: /home/dream_hell/learning_rmf_ws/src/install/mr_robot_gazebo/share/mr_robot_gazebo/package.dsv
[0.422s] -- Up-to-date: /home/dream_hell/learning_rmf_ws/src/install/mr_robot_gazebo/share/ament_index/resource_index/packages/mr_robot_gazebo
[0.423s] -- Up-to-date: /home/dream_hell/learning_rmf_ws/src/install/mr_robot_gazebo/share/mr_robot_gazebo/cmake/mr_robot_gazeboConfig.cmake
[0.423s] -- Up-to-date: /home/dream_hell/learning_rmf_ws/src/install/mr_robot_gazebo/share/mr_robot_gazebo/cmake/mr_robot_gazeboConfig-version.cmake
[0.423s] -- Up-to-date: /home/dream_hell/learning_rmf_ws/src/install/mr_robot_gazebo/share/mr_robot_gazebo/package.xml
[0.424s] Invoked command in '/home/dream_hell/learning_rmf_ws/src/build/mr_robot_gazebo' returned '0': CMAKE_PREFIX_PATH=${CMAKE_PREFIX_PATH}:/home/dream_hell/learning_rmf_ws/src/install/mr_robot_description:/opt/ros/humble /usr/bin/cmake --install /home/dream_hell/learning_rmf_ws/src/build/mr_robot_gazebo
