[1.086s] Invoking command in '/home/dream_hell/learning_rmf_ws/src/mr_robot_description': PYTHONPATH=/home/dream_hell/learning_rmf_ws/src/build/mr_robot_description/prefix_override:/usr/lib/python3/dist-packages/colcon_core/task/python/colcon_distutils_commands:/home/dream_hell/learning_rmf_ws/src/install/mr_robot_description/lib/python3.10/site-packages:${PYTHONPATH} /usr/bin/python3 -W ignore:setup.py install is deprecated -W ignore:easy_install command is deprecated setup.py egg_info --egg-base ../build/mr_robot_description build --build-base /home/dream_hell/learning_rmf_ws/src/build/mr_robot_description/build install --record /home/dream_hell/learning_rmf_ws/src/build/mr_robot_description/install.log --single-version-externally-managed install_data
[1.272s] /home/dream_hell/.local/lib/python3.10/site-packages/setuptools/_distutils/dist.py:289: UserWarning: Unknown distribution option: 'tests_require'
[1.272s]   warnings.warn(msg)
[1.421s] running egg_info
[1.446s] writing ../build/mr_robot_description/mr_robot_description.egg-info/PKG-INFO
[1.447s] writing dependency_links to ../build/mr_robot_description/mr_robot_description.egg-info/dependency_links.txt
[1.447s] writing requirements to ../build/mr_robot_description/mr_robot_description.egg-info/requires.txt
[1.447s] writing top-level names to ../build/mr_robot_description/mr_robot_description.egg-info/top_level.txt
[1.502s] reading manifest file '../build/mr_robot_description/mr_robot_description.egg-info/SOURCES.txt'
[1.504s] writing manifest file '../build/mr_robot_description/mr_robot_description.egg-info/SOURCES.txt'
[1.504s] running build
[1.504s] running build_py
[1.505s] running install
[1.509s] running install_lib
[1.536s] running install_data
[1.537s] copying urdf/mr_robot.xacro -> /home/dream_hell/learning_rmf_ws/src/install/mr_robot_description/share/mr_robot_description/urdf
[1.538s] running install_egg_info
[1.564s] removing '/home/dream_hell/learning_rmf_ws/src/install/mr_robot_description/lib/python3.10/site-packages/mr_robot_description-0.0.0-py3.10.egg-info' (and everything under it)
[1.565s] Copying ../build/mr_robot_description/mr_robot_description.egg-info to /home/dream_hell/learning_rmf_ws/src/install/mr_robot_description/lib/python3.10/site-packages/mr_robot_description-0.0.0-py3.10.egg-info
[1.565s] running install_scripts
[1.762s] writing list of installed files to '/home/dream_hell/learning_rmf_ws/src/build/mr_robot_description/install.log'
[1.803s] Invoked command in '/home/dream_hell/learning_rmf_ws/src/mr_robot_description' returned '0': PYTHONPATH=/home/dream_hell/learning_rmf_ws/src/build/mr_robot_description/prefix_override:/usr/lib/python3/dist-packages/colcon_core/task/python/colcon_distutils_commands:/home/dream_hell/learning_rmf_ws/src/install/mr_robot_description/lib/python3.10/site-packages:${PYTHONPATH} /usr/bin/python3 -W ignore:setup.py install is deprecated -W ignore:easy_install command is deprecated setup.py egg_info --egg-base ../build/mr_robot_description build --build-base /home/dream_hell/learning_rmf_ws/src/build/mr_robot_description/build install --record /home/dream_hell/learning_rmf_ws/src/build/mr_robot_description/install.log --single-version-externally-managed install_data
