running develop
running egg_info
creating robot_nav.egg-info
writing robot_nav.egg-info/PKG-INFO
writing dependency_links to robot_nav.egg-info/dependency_links.txt
writing entry points to robot_nav.egg-info/entry_points.txt
writing requirements to robot_nav.egg-info/requires.txt
writing top-level names to robot_nav.egg-info/top_level.txt
writing manifest file 'robot_nav.egg-info/SOURCES.txt'
reading manifest file 'robot_nav.egg-info/SOURCES.txt'
writing manifest file 'robot_nav.egg-info/SOURCES.txt'
running build_ext
Creating /workspaces/rmf_ws/install/robot_nav/lib/python3.10/site-packages/robot-nav.egg-link (link to .)

Installed /workspaces/rmf_ws/build/robot_nav
running symlink_data
creating /workspaces/rmf_ws/install/robot_nav/share/ament_index
creating /workspaces/rmf_ws/install/robot_nav/share/ament_index/resource_index
creating /workspaces/rmf_ws/install/robot_nav/share/ament_index/resource_index/packages
symbolically linking /workspaces/rmf_ws/build/robot_nav/resource/robot_nav -> /workspaces/rmf_ws/install/robot_nav/share/ament_index/resource_index/packages
symbolically linking /workspaces/rmf_ws/build/robot_nav/package.xml -> /workspaces/rmf_ws/install/robot_nav/share/robot_nav
creating /workspaces/rmf_ws/install/robot_nav/share/robot_nav/launch
symbolically linking /workspaces/rmf_ws/build/robot_nav/launch/dual_ekf_navsat.launch.py -> /workspaces/rmf_ws/install/robot_nav/share/robot_nav/launch
creating /workspaces/rmf_ws/install/robot_nav/share/robot_nav/config
symbolically linking /workspaces/rmf_ws/build/robot_nav/config/nav2_no_map_params.yaml -> /workspaces/rmf_ws/install/robot_nav/share/robot_nav/config
symbolically linking /workspaces/rmf_ws/build/robot_nav/config/params.yaml -> /workspaces/rmf_ws/install/robot_nav/share/robot_nav/config
symbolically linking /workspaces/rmf_ws/build/robot_nav/config/mapper_params_online_async.yaml -> /workspaces/rmf_ws/install/robot_nav/share/robot_nav/config
