[0.513s] Invoking command in '/workspaces/rmf_ws/build/robot_nav': AMENT_PREFIX_PATH=/workspaces/rmf_ws/install/mr_robot_gazebo:/workspaces/rmf_ws/install/mr_robot_description:${AMENT_PREFIX_PATH} PYTHONPATH=/workspaces/rmf_ws/build/robot_nav/prefix_override:/usr/lib/python3/dist-packages/colcon_core/task/python/colcon_distutils_commands:/workspaces/rmf_ws/install/robot_nav/lib/python3.10/site-packages:/workspaces/rmf_ws/build/mr_robot_gazebo:/workspaces/rmf_ws/install/mr_robot_gazebo/lib/python3.10/site-packages:/workspaces/rmf_ws/build/mr_robot_description:/workspaces/rmf_ws/install/mr_robot_description/lib/python3.10/site-packages:${PYTHONPATH} /usr/bin/python3 -W ignore:setup.py install is deprecated -W ignore:easy_install command is deprecated setup.py develop --editable --build-directory /workspaces/rmf_ws/build/robot_nav/build --no-deps symlink_data
[0.732s] running develop
[0.865s] running egg_info
[0.865s] creating robot_nav.egg-info
[0.865s] writing robot_nav.egg-info/PKG-INFO
[0.865s] writing dependency_links to robot_nav.egg-info/dependency_links.txt
[0.866s] writing entry points to robot_nav.egg-info/entry_points.txt
[0.866s] writing requirements to robot_nav.egg-info/requires.txt
[0.866s] writing top-level names to robot_nav.egg-info/top_level.txt
[0.866s] writing manifest file 'robot_nav.egg-info/SOURCES.txt'
[0.867s] reading manifest file 'robot_nav.egg-info/SOURCES.txt'
[0.868s] writing manifest file 'robot_nav.egg-info/SOURCES.txt'
[0.871s] running build_ext
[0.871s] Creating /workspaces/rmf_ws/install/robot_nav/lib/python3.10/site-packages/robot-nav.egg-link (link to .)
[0.872s] 
[0.872s] Installed /workspaces/rmf_ws/build/robot_nav
[0.872s] running symlink_data
[0.873s] creating /workspaces/rmf_ws/install/robot_nav/share/ament_index
[0.873s] creating /workspaces/rmf_ws/install/robot_nav/share/ament_index/resource_index
[0.873s] creating /workspaces/rmf_ws/install/robot_nav/share/ament_index/resource_index/packages
[0.873s] symbolically linking /workspaces/rmf_ws/build/robot_nav/resource/robot_nav -> /workspaces/rmf_ws/install/robot_nav/share/ament_index/resource_index/packages
[0.873s] symbolically linking /workspaces/rmf_ws/build/robot_nav/package.xml -> /workspaces/rmf_ws/install/robot_nav/share/robot_nav
[0.873s] creating /workspaces/rmf_ws/install/robot_nav/share/robot_nav/launch
[0.873s] symbolically linking /workspaces/rmf_ws/build/robot_nav/launch/dual_ekf_navsat.launch.py -> /workspaces/rmf_ws/install/robot_nav/share/robot_nav/launch
[0.873s] creating /workspaces/rmf_ws/install/robot_nav/share/robot_nav/config
[0.873s] symbolically linking /workspaces/rmf_ws/build/robot_nav/config/nav2_no_map_params.yaml -> /workspaces/rmf_ws/install/robot_nav/share/robot_nav/config
[0.873s] symbolically linking /workspaces/rmf_ws/build/robot_nav/config/params.yaml -> /workspaces/rmf_ws/install/robot_nav/share/robot_nav/config
[0.873s] symbolically linking /workspaces/rmf_ws/build/robot_nav/config/mapper_params_online_async.yaml -> /workspaces/rmf_ws/install/robot_nav/share/robot_nav/config
[0.907s] Invoked command in '/workspaces/rmf_ws/build/robot_nav' returned '0': AMENT_PREFIX_PATH=/workspaces/rmf_ws/install/mr_robot_gazebo:/workspaces/rmf_ws/install/mr_robot_description:${AMENT_PREFIX_PATH} PYTHONPATH=/workspaces/rmf_ws/build/robot_nav/prefix_override:/usr/lib/python3/dist-packages/colcon_core/task/python/colcon_distutils_commands:/workspaces/rmf_ws/install/robot_nav/lib/python3.10/site-packages:/workspaces/rmf_ws/build/mr_robot_gazebo:/workspaces/rmf_ws/install/mr_robot_gazebo/lib/python3.10/site-packages:/workspaces/rmf_ws/build/mr_robot_description:/workspaces/rmf_ws/install/mr_robot_description/lib/python3.10/site-packages:${PYTHONPATH} /usr/bin/python3 -W ignore:setup.py install is deprecated -W ignore:easy_install command is deprecated setup.py develop --editable --build-directory /workspaces/rmf_ws/build/robot_nav/build --no-deps symlink_data
