[0.143s] DEBUG:colcon:Command line arguments: ['/usr/bin/colcon', 'build', '--symlink-install']
[0.143s] DEBUG:colcon:Parsed command line arguments: Namespace(log_base=None, log_level=None, verb_name='build', build_base='build', install_base='install', merge_install=False, symlink_install=True, test_result_base=None, continue_on_error=False, executor='parallel', parallel_workers=8, event_handlers=None, ignore_user_meta=False, metas=['./colcon.meta'], base_paths=['.'], packages_ignore=None, packages_ignore_regex=None, paths=None, packages_up_to=None, packages_up_to_regex=None, packages_above=None, packages_above_and_dependencies=None, packages_above_depth=None, packages_select_by_dep=None, packages_skip_by_dep=None, packages_skip_up_to=None, packages_select_build_failed=False, packages_skip_build_finished=False, packages_select_test_failures=False, packages_skip_test_passed=False, packages_select=None, packages_skip=None, packages_select_regex=None, packages_skip_regex=None, packages_start=None, packages_end=None, cmake_args=None, cmake_target=None, cmake_target_skip_unavailable=False, cmake_clean_cache=False, cmake_clean_first=False, cmake_force_configure=False, ament_cmake_args=None, catkin_cmake_args=None, catkin_skip_building_tests=False, mixin_files=None, mixin=None, verb_parser=<colcon_mixin.mixin.mixin_argument.MixinArgumentDecorator object at 0x7e3fee03d450>, verb_extension=<colcon_core.verb.build.BuildVerb object at 0x7e3fee03ce80>, main=<bound method BuildVerb.main of <colcon_core.verb.build.BuildVerb object at 0x7e3fee03ce80>>, mixin_verb=('build',))
[0.354s] Level 1:colcon.colcon_core.package_discovery:discover_packages(colcon_meta) check parameters
[0.356s] INFO:colcon.colcon_metadata.package_discovery.colcon_meta:Using configuration from '/root/.colcon/metadata/default/Gazebo.meta'
[0.356s] INFO:colcon.colcon_metadata.package_discovery.colcon_meta:Using configuration from '/root/.colcon/metadata/default/fastrtps.meta'
[0.356s] Level 1:colcon.colcon_core.package_discovery:discover_packages(recursive) check parameters
[0.356s] Level 1:colcon.colcon_core.package_discovery:discover_packages(ignore) check parameters
[0.356s] Level 1:colcon.colcon_core.package_discovery:discover_packages(path) check parameters
[0.356s] Level 1:colcon.colcon_core.package_discovery:discover_packages(colcon_meta) discover
[0.356s] Level 1:colcon.colcon_core.package_discovery:discover_packages(recursive) discover
[0.356s] INFO:colcon.colcon_core.package_discovery:Crawling recursively for packages in '/workspaces/rmf_ws'
[0.357s] Level 1:colcon.colcon_core.package_identification:_identify(.) by extensions ['ignore', 'ignore_ament_install']
[0.357s] Level 1:colcon.colcon_core.package_identification:_identify(.) by extension 'ignore'
[0.357s] Level 1:colcon.colcon_core.package_identification:_identify(.) by extension 'ignore_ament_install'
[0.357s] Level 1:colcon.colcon_core.package_identification:_identify(.) by extensions ['colcon_pkg']
[0.357s] Level 1:colcon.colcon_core.package_identification:_identify(.) by extension 'colcon_pkg'
[0.357s] Level 1:colcon.colcon_core.package_identification:_identify(.) by extensions ['colcon_meta']
[0.357s] Level 1:colcon.colcon_core.package_identification:_identify(.) by extension 'colcon_meta'
[0.357s] Level 1:colcon.colcon_core.package_identification:_identify(.) by extensions ['ros']
[0.357s] Level 1:colcon.colcon_core.package_identification:_identify(.) by extension 'ros'
[0.367s] Level 1:colcon.colcon_core.package_identification:_identify(.) by extensions ['cmake', 'python']
[0.367s] Level 1:colcon.colcon_core.package_identification:_identify(.) by extension 'cmake'
[0.367s] Level 1:colcon.colcon_core.package_identification:_identify(.) by extension 'python'
[0.367s] Level 1:colcon.colcon_core.package_identification:_identify(.) by extensions ['python_setup_py']
[0.367s] Level 1:colcon.colcon_core.package_identification:_identify(.) by extension 'python_setup_py'
[0.367s] Level 1:colcon.colcon_core.package_identification:_identify(build) by extensions ['ignore', 'ignore_ament_install']
[0.367s] Level 1:colcon.colcon_core.package_identification:_identify(build) by extension 'ignore'
[0.367s] Level 1:colcon.colcon_core.package_identification:_identify(build) ignored
[0.368s] Level 1:colcon.colcon_core.package_identification:_identify(install) by extensions ['ignore', 'ignore_ament_install']
[0.368s] Level 1:colcon.colcon_core.package_identification:_identify(install) by extension 'ignore'
[0.368s] Level 1:colcon.colcon_core.package_identification:_identify(install) ignored
[0.368s] Level 1:colcon.colcon_core.package_identification:_identify(log) by extensions ['ignore', 'ignore_ament_install']
[0.368s] Level 1:colcon.colcon_core.package_identification:_identify(log) by extension 'ignore'
[0.368s] Level 1:colcon.colcon_core.package_identification:_identify(log) ignored
[0.368s] Level 1:colcon.colcon_core.package_identification:_identify(src) by extensions ['ignore', 'ignore_ament_install']
[0.368s] Level 1:colcon.colcon_core.package_identification:_identify(src) by extension 'ignore'
[0.368s] Level 1:colcon.colcon_core.package_identification:_identify(src) by extension 'ignore_ament_install'
[0.368s] Level 1:colcon.colcon_core.package_identification:_identify(src) by extensions ['colcon_pkg']
[0.368s] Level 1:colcon.colcon_core.package_identification:_identify(src) by extension 'colcon_pkg'
[0.368s] Level 1:colcon.colcon_core.package_identification:_identify(src) by extensions ['colcon_meta']
[0.368s] Level 1:colcon.colcon_core.package_identification:_identify(src) by extension 'colcon_meta'
[0.368s] Level 1:colcon.colcon_core.package_identification:_identify(src) by extensions ['ros']
[0.368s] Level 1:colcon.colcon_core.package_identification:_identify(src) by extension 'ros'
[0.368s] Level 1:colcon.colcon_core.package_identification:_identify(src) by extensions ['cmake', 'python']
[0.368s] Level 1:colcon.colcon_core.package_identification:_identify(src) by extension 'cmake'
[0.368s] Level 1:colcon.colcon_core.package_identification:_identify(src) by extension 'python'
[0.368s] Level 1:colcon.colcon_core.package_identification:_identify(src) by extensions ['python_setup_py']
[0.368s] Level 1:colcon.colcon_core.package_identification:_identify(src) by extension 'python_setup_py'
[0.368s] Level 1:colcon.colcon_core.package_identification:_identify(src/build_files) by extensions ['ignore', 'ignore_ament_install']
[0.368s] Level 1:colcon.colcon_core.package_identification:_identify(src/build_files) by extension 'ignore'
[0.368s] Level 1:colcon.colcon_core.package_identification:_identify(src/build_files) by extension 'ignore_ament_install'
[0.368s] Level 1:colcon.colcon_core.package_identification:_identify(src/build_files) by extensions ['colcon_pkg']
[0.368s] Level 1:colcon.colcon_core.package_identification:_identify(src/build_files) by extension 'colcon_pkg'
[0.368s] Level 1:colcon.colcon_core.package_identification:_identify(src/build_files) by extensions ['colcon_meta']
[0.368s] Level 1:colcon.colcon_core.package_identification:_identify(src/build_files) by extension 'colcon_meta'
[0.368s] Level 1:colcon.colcon_core.package_identification:_identify(src/build_files) by extensions ['ros']
[0.368s] Level 1:colcon.colcon_core.package_identification:_identify(src/build_files) by extension 'ros'
[0.369s] Level 1:colcon.colcon_core.package_identification:_identify(src/build_files) by extensions ['cmake', 'python']
[0.369s] Level 1:colcon.colcon_core.package_identification:_identify(src/build_files) by extension 'cmake'
[0.369s] Level 1:colcon.colcon_core.package_identification:_identify(src/build_files) by extension 'python'
[0.369s] Level 1:colcon.colcon_core.package_identification:_identify(src/build_files) by extensions ['python_setup_py']
[0.369s] Level 1:colcon.colcon_core.package_identification:_identify(src/build_files) by extension 'python_setup_py'
[0.369s] Level 1:colcon.colcon_core.package_identification:_identify(src/build_files/build) by extensions ['ignore', 'ignore_ament_install']
[0.369s] Level 1:colcon.colcon_core.package_identification:_identify(src/build_files/build) by extension 'ignore'
[0.369s] Level 1:colcon.colcon_core.package_identification:_identify(src/build_files/build) ignored
[0.369s] Level 1:colcon.colcon_core.package_identification:_identify(src/build_files/install) by extensions ['ignore', 'ignore_ament_install']
[0.369s] Level 1:colcon.colcon_core.package_identification:_identify(src/build_files/install) by extension 'ignore'
[0.369s] Level 1:colcon.colcon_core.package_identification:_identify(src/build_files/install) ignored
[0.369s] Level 1:colcon.colcon_core.package_identification:_identify(src/build_files/log) by extensions ['ignore', 'ignore_ament_install']
[0.369s] Level 1:colcon.colcon_core.package_identification:_identify(src/build_files/log) by extension 'ignore'
[0.369s] Level 1:colcon.colcon_core.package_identification:_identify(src/build_files/log) ignored
[0.369s] Level 1:colcon.colcon_core.package_identification:_identify(src/build_files/src) by extensions ['ignore', 'ignore_ament_install']
[0.369s] Level 1:colcon.colcon_core.package_identification:_identify(src/build_files/src) by extension 'ignore'
[0.369s] Level 1:colcon.colcon_core.package_identification:_identify(src/build_files/src) by extension 'ignore_ament_install'
[0.369s] Level 1:colcon.colcon_core.package_identification:_identify(src/build_files/src) by extensions ['colcon_pkg']
[0.369s] Level 1:colcon.colcon_core.package_identification:_identify(src/build_files/src) by extension 'colcon_pkg'
[0.369s] Level 1:colcon.colcon_core.package_identification:_identify(src/build_files/src) by extensions ['colcon_meta']
[0.369s] Level 1:colcon.colcon_core.package_identification:_identify(src/build_files/src) by extension 'colcon_meta'
[0.369s] Level 1:colcon.colcon_core.package_identification:_identify(src/build_files/src) by extensions ['ros']
[0.369s] Level 1:colcon.colcon_core.package_identification:_identify(src/build_files/src) by extension 'ros'
[0.369s] Level 1:colcon.colcon_core.package_identification:_identify(src/build_files/src) by extensions ['cmake', 'python']
[0.369s] Level 1:colcon.colcon_core.package_identification:_identify(src/build_files/src) by extension 'cmake'
[0.369s] Level 1:colcon.colcon_core.package_identification:_identify(src/build_files/src) by extension 'python'
[0.370s] Level 1:colcon.colcon_core.package_identification:_identify(src/build_files/src) by extensions ['python_setup_py']
[0.370s] Level 1:colcon.colcon_core.package_identification:_identify(src/build_files/src) by extension 'python_setup_py'
[0.370s] Level 1:colcon.colcon_core.package_identification:_identify(src/ddsconfig.xml) by extensions ['ignore', 'ignore_ament_install']
[0.370s] Level 1:colcon.colcon_core.package_identification:_identify(src/ddsconfig.xml) by extension 'ignore'
[0.370s] Level 1:colcon.colcon_core.package_identification:_identify(src/ddsconfig.xml) by extension 'ignore_ament_install'
[0.370s] Level 1:colcon.colcon_core.package_identification:_identify(src/ddsconfig.xml) by extensions ['colcon_pkg']
[0.370s] Level 1:colcon.colcon_core.package_identification:_identify(src/ddsconfig.xml) by extension 'colcon_pkg'
[0.370s] Level 1:colcon.colcon_core.package_identification:_identify(src/ddsconfig.xml) by extensions ['colcon_meta']
[0.370s] Level 1:colcon.colcon_core.package_identification:_identify(src/ddsconfig.xml) by extension 'colcon_meta'
[0.370s] Level 1:colcon.colcon_core.package_identification:_identify(src/ddsconfig.xml) by extensions ['ros']
[0.370s] Level 1:colcon.colcon_core.package_identification:_identify(src/ddsconfig.xml) by extension 'ros'
[0.370s] Level 1:colcon.colcon_core.package_identification:_identify(src/ddsconfig.xml) by extensions ['cmake', 'python']
[0.370s] Level 1:colcon.colcon_core.package_identification:_identify(src/ddsconfig.xml) by extension 'cmake'
[0.370s] Level 1:colcon.colcon_core.package_identification:_identify(src/ddsconfig.xml) by extension 'python'
[0.370s] Level 1:colcon.colcon_core.package_identification:_identify(src/ddsconfig.xml) by extensions ['python_setup_py']
[0.370s] Level 1:colcon.colcon_core.package_identification:_identify(src/ddsconfig.xml) by extension 'python_setup_py'
[0.370s] Level 1:colcon.colcon_core.package_identification:_identify(src/nav) by extensions ['ignore', 'ignore_ament_install']
[0.370s] Level 1:colcon.colcon_core.package_identification:_identify(src/nav) by extension 'ignore'
[0.370s] Level 1:colcon.colcon_core.package_identification:_identify(src/nav) by extension 'ignore_ament_install'
[0.370s] Level 1:colcon.colcon_core.package_identification:_identify(src/nav) by extensions ['colcon_pkg']
[0.370s] Level 1:colcon.colcon_core.package_identification:_identify(src/nav) by extension 'colcon_pkg'
[0.370s] Level 1:colcon.colcon_core.package_identification:_identify(src/nav) by extensions ['colcon_meta']
[0.370s] Level 1:colcon.colcon_core.package_identification:_identify(src/nav) by extension 'colcon_meta'
[0.370s] Level 1:colcon.colcon_core.package_identification:_identify(src/nav) by extensions ['ros']
[0.370s] Level 1:colcon.colcon_core.package_identification:_identify(src/nav) by extension 'ros'
[0.370s] Level 1:colcon.colcon_core.package_identification:_identify(src/nav) by extensions ['cmake', 'python']
[0.370s] Level 1:colcon.colcon_core.package_identification:_identify(src/nav) by extension 'cmake'
[0.370s] Level 1:colcon.colcon_core.package_identification:_identify(src/nav) by extension 'python'
[0.370s] Level 1:colcon.colcon_core.package_identification:_identify(src/nav) by extensions ['python_setup_py']
[0.370s] Level 1:colcon.colcon_core.package_identification:_identify(src/nav) by extension 'python_setup_py'
[0.370s] Level 1:colcon.colcon_core.package_identification:_identify(src/nav/mr_robot_description) by extensions ['ignore', 'ignore_ament_install']
[0.370s] Level 1:colcon.colcon_core.package_identification:_identify(src/nav/mr_robot_description) by extension 'ignore'
[0.371s] Level 1:colcon.colcon_core.package_identification:_identify(src/nav/mr_robot_description) by extension 'ignore_ament_install'
[0.371s] Level 1:colcon.colcon_core.package_identification:_identify(src/nav/mr_robot_description) by extensions ['colcon_pkg']
[0.371s] Level 1:colcon.colcon_core.package_identification:_identify(src/nav/mr_robot_description) by extension 'colcon_pkg'
[0.371s] Level 1:colcon.colcon_core.package_identification:_identify(src/nav/mr_robot_description) by extensions ['colcon_meta']
[0.371s] Level 1:colcon.colcon_core.package_identification:_identify(src/nav/mr_robot_description) by extension 'colcon_meta'
[0.371s] Level 1:colcon.colcon_core.package_identification:_identify(src/nav/mr_robot_description) by extensions ['ros']
[0.371s] Level 1:colcon.colcon_core.package_identification:_identify(src/nav/mr_robot_description) by extension 'ros'
[0.373s] DEBUG:colcon.colcon_core.package_identification:Package 'src/nav/mr_robot_description' with type 'ros.ament_python' and name 'mr_robot_description'
[0.373s] Level 1:colcon.colcon_core.package_identification:_identify(src/nav/mr_robot_gazebo) by extensions ['ignore', 'ignore_ament_install']
[0.373s] Level 1:colcon.colcon_core.package_identification:_identify(src/nav/mr_robot_gazebo) by extension 'ignore'
[0.373s] Level 1:colcon.colcon_core.package_identification:_identify(src/nav/mr_robot_gazebo) by extension 'ignore_ament_install'
[0.373s] Level 1:colcon.colcon_core.package_identification:_identify(src/nav/mr_robot_gazebo) by extensions ['colcon_pkg']
[0.373s] Level 1:colcon.colcon_core.package_identification:_identify(src/nav/mr_robot_gazebo) by extension 'colcon_pkg'
[0.373s] Level 1:colcon.colcon_core.package_identification:_identify(src/nav/mr_robot_gazebo) by extensions ['colcon_meta']
[0.374s] Level 1:colcon.colcon_core.package_identification:_identify(src/nav/mr_robot_gazebo) by extension 'colcon_meta'
[0.374s] Level 1:colcon.colcon_core.package_identification:_identify(src/nav/mr_robot_gazebo) by extensions ['ros']
[0.374s] Level 1:colcon.colcon_core.package_identification:_identify(src/nav/mr_robot_gazebo) by extension 'ros'
[0.374s] DEBUG:colcon.colcon_core.package_identification:Package 'src/nav/mr_robot_gazebo' with type 'ros.ament_python' and name 'mr_robot_gazebo'
[0.374s] Level 1:colcon.colcon_core.package_identification:_identify(src/nav/robot_nav) by extensions ['ignore', 'ignore_ament_install']
[0.374s] Level 1:colcon.colcon_core.package_identification:_identify(src/nav/robot_nav) by extension 'ignore'
[0.374s] Level 1:colcon.colcon_core.package_identification:_identify(src/nav/robot_nav) by extension 'ignore_ament_install'
[0.374s] Level 1:colcon.colcon_core.package_identification:_identify(src/nav/robot_nav) by extensions ['colcon_pkg']
[0.374s] Level 1:colcon.colcon_core.package_identification:_identify(src/nav/robot_nav) by extension 'colcon_pkg'
[0.374s] Level 1:colcon.colcon_core.package_identification:_identify(src/nav/robot_nav) by extensions ['colcon_meta']
[0.374s] Level 1:colcon.colcon_core.package_identification:_identify(src/nav/robot_nav) by extension 'colcon_meta'
[0.374s] Level 1:colcon.colcon_core.package_identification:_identify(src/nav/robot_nav) by extensions ['ros']
[0.374s] Level 1:colcon.colcon_core.package_identification:_identify(src/nav/robot_nav) by extension 'ros'
[0.375s] DEBUG:colcon.colcon_core.package_identification:Package 'src/nav/robot_nav' with type 'ros.ament_python' and name 'robot_nav'
[0.375s] Level 1:colcon.colcon_core.package_discovery:discover_packages(recursive) using defaults
[0.375s] Level 1:colcon.colcon_core.package_discovery:discover_packages(ignore) discover
[0.375s] Level 1:colcon.colcon_core.package_discovery:discover_packages(ignore) using defaults
[0.375s] Level 1:colcon.colcon_core.package_discovery:discover_packages(path) discover
[0.375s] Level 1:colcon.colcon_core.package_discovery:discover_packages(path) using defaults
[0.408s] Level 5:colcon.colcon_core.verb:set package 'mr_robot_description' build argument 'cmake_args' from command line to 'None'
[0.408s] Level 5:colcon.colcon_core.verb:set package 'mr_robot_description' build argument 'cmake_target' from command line to 'None'
[0.408s] Level 5:colcon.colcon_core.verb:set package 'mr_robot_description' build argument 'cmake_target_skip_unavailable' from command line to 'False'
[0.408s] Level 5:colcon.colcon_core.verb:set package 'mr_robot_description' build argument 'cmake_clean_cache' from command line to 'False'
[0.408s] Level 5:colcon.colcon_core.verb:set package 'mr_robot_description' build argument 'cmake_clean_first' from command line to 'False'
[0.409s] Level 5:colcon.colcon_core.verb:set package 'mr_robot_description' build argument 'cmake_force_configure' from command line to 'False'
[0.409s] Level 5:colcon.colcon_core.verb:set package 'mr_robot_description' build argument 'ament_cmake_args' from command line to 'None'
[0.409s] Level 5:colcon.colcon_core.verb:set package 'mr_robot_description' build argument 'catkin_cmake_args' from command line to 'None'
[0.409s] Level 5:colcon.colcon_core.verb:set package 'mr_robot_description' build argument 'catkin_skip_building_tests' from command line to 'False'
[0.409s] DEBUG:colcon.colcon_core.verb:Building package 'mr_robot_description' with the following arguments: {'ament_cmake_args': None, 'build_base': '/workspaces/rmf_ws/build/mr_robot_description', 'catkin_cmake_args': None, 'catkin_skip_building_tests': False, 'cmake_args': None, 'cmake_clean_cache': False, 'cmake_clean_first': False, 'cmake_force_configure': False, 'cmake_target': None, 'cmake_target_skip_unavailable': False, 'install_base': '/workspaces/rmf_ws/install/mr_robot_description', 'merge_install': False, 'path': '/workspaces/rmf_ws/src/nav/mr_robot_description', 'symlink_install': True, 'test_result_base': None}
[0.409s] Level 5:colcon.colcon_core.verb:set package 'mr_robot_gazebo' build argument 'cmake_args' from command line to 'None'
[0.409s] Level 5:colcon.colcon_core.verb:set package 'mr_robot_gazebo' build argument 'cmake_target' from command line to 'None'
[0.409s] Level 5:colcon.colcon_core.verb:set package 'mr_robot_gazebo' build argument 'cmake_target_skip_unavailable' from command line to 'False'
[0.409s] Level 5:colcon.colcon_core.verb:set package 'mr_robot_gazebo' build argument 'cmake_clean_cache' from command line to 'False'
[0.409s] Level 5:colcon.colcon_core.verb:set package 'mr_robot_gazebo' build argument 'cmake_clean_first' from command line to 'False'
[0.409s] Level 5:colcon.colcon_core.verb:set package 'mr_robot_gazebo' build argument 'cmake_force_configure' from command line to 'False'
[0.409s] Level 5:colcon.colcon_core.verb:set package 'mr_robot_gazebo' build argument 'ament_cmake_args' from command line to 'None'
[0.409s] Level 5:colcon.colcon_core.verb:set package 'mr_robot_gazebo' build argument 'catkin_cmake_args' from command line to 'None'
[0.409s] Level 5:colcon.colcon_core.verb:set package 'mr_robot_gazebo' build argument 'catkin_skip_building_tests' from command line to 'False'
[0.409s] DEBUG:colcon.colcon_core.verb:Building package 'mr_robot_gazebo' with the following arguments: {'ament_cmake_args': None, 'build_base': '/workspaces/rmf_ws/build/mr_robot_gazebo', 'catkin_cmake_args': None, 'catkin_skip_building_tests': False, 'cmake_args': None, 'cmake_clean_cache': False, 'cmake_clean_first': False, 'cmake_force_configure': False, 'cmake_target': None, 'cmake_target_skip_unavailable': False, 'install_base': '/workspaces/rmf_ws/install/mr_robot_gazebo', 'merge_install': False, 'path': '/workspaces/rmf_ws/src/nav/mr_robot_gazebo', 'symlink_install': True, 'test_result_base': None}
[0.409s] Level 5:colcon.colcon_core.verb:set package 'robot_nav' build argument 'cmake_args' from command line to 'None'
[0.409s] Level 5:colcon.colcon_core.verb:set package 'robot_nav' build argument 'cmake_target' from command line to 'None'
[0.409s] Level 5:colcon.colcon_core.verb:set package 'robot_nav' build argument 'cmake_target_skip_unavailable' from command line to 'False'
[0.409s] Level 5:colcon.colcon_core.verb:set package 'robot_nav' build argument 'cmake_clean_cache' from command line to 'False'
[0.409s] Level 5:colcon.colcon_core.verb:set package 'robot_nav' build argument 'cmake_clean_first' from command line to 'False'
[0.409s] Level 5:colcon.colcon_core.verb:set package 'robot_nav' build argument 'cmake_force_configure' from command line to 'False'
[0.409s] Level 5:colcon.colcon_core.verb:set package 'robot_nav' build argument 'ament_cmake_args' from command line to 'None'
[0.409s] Level 5:colcon.colcon_core.verb:set package 'robot_nav' build argument 'catkin_cmake_args' from command line to 'None'
[0.409s] Level 5:colcon.colcon_core.verb:set package 'robot_nav' build argument 'catkin_skip_building_tests' from command line to 'False'
[0.409s] DEBUG:colcon.colcon_core.verb:Building package 'robot_nav' with the following arguments: {'ament_cmake_args': None, 'build_base': '/workspaces/rmf_ws/build/robot_nav', 'catkin_cmake_args': None, 'catkin_skip_building_tests': False, 'cmake_args': None, 'cmake_clean_cache': False, 'cmake_clean_first': False, 'cmake_force_configure': False, 'cmake_target': None, 'cmake_target_skip_unavailable': False, 'install_base': '/workspaces/rmf_ws/install/robot_nav', 'merge_install': False, 'path': '/workspaces/rmf_ws/src/nav/robot_nav', 'symlink_install': True, 'test_result_base': None}
[0.409s] INFO:colcon.colcon_core.executor:Executing jobs using 'parallel' executor
[0.410s] DEBUG:colcon.colcon_parallel_executor.executor.parallel:run_until_complete
[0.411s] INFO:colcon.colcon_ros.task.ament_python.build:Building ROS package in '/workspaces/rmf_ws/src/nav/mr_robot_description' with build type 'ament_python'
[0.411s] Level 1:colcon.colcon_core.shell:create_environment_hook('mr_robot_description', 'ament_prefix_path')
[0.414s] INFO:colcon.colcon_core.plugin_system:Skipping extension 'colcon_core.shell.bat': Not used on non-Windows systems
[0.414s] INFO:colcon.colcon_core.shell:Creating environment hook '/workspaces/rmf_ws/install/mr_robot_description/share/mr_robot_description/hook/ament_prefix_path.ps1'
[0.415s] INFO:colcon.colcon_core.shell:Creating environment descriptor '/workspaces/rmf_ws/install/mr_robot_description/share/mr_robot_description/hook/ament_prefix_path.dsv'
[0.415s] INFO:colcon.colcon_core.shell:Creating environment hook '/workspaces/rmf_ws/install/mr_robot_description/share/mr_robot_description/hook/ament_prefix_path.sh'
[0.416s] INFO:colcon.colcon_core.shell:Skip shell extension 'powershell' for command environment: Not usable outside of PowerShell
[0.416s] DEBUG:colcon.colcon_core.shell:Skip shell extension 'dsv' for command environment
[0.665s] INFO:colcon.colcon_core.task.python.build:Building Python package in '/workspaces/rmf_ws/src/nav/mr_robot_description'
[0.665s] INFO:colcon.colcon_core.shell:Skip shell extension 'powershell' for command environment: Not usable outside of PowerShell
[0.665s] DEBUG:colcon.colcon_core.shell:Skip shell extension 'dsv' for command environment
[1.012s] DEBUG:colcon.colcon_core.event_handler.log_command:Invoking command in '/workspaces/rmf_ws/build/mr_robot_description': PYTHONPATH=/workspaces/rmf_ws/build/mr_robot_description/prefix_override:/usr/lib/python3/dist-packages/colcon_core/task/python/colcon_distutils_commands:/workspaces/rmf_ws/install/mr_robot_description/lib/python3.10/site-packages:${PYTHONPATH} /usr/bin/python3 -W ignore:setup.py install is deprecated -W ignore:easy_install command is deprecated setup.py develop --editable --build-directory /workspaces/rmf_ws/build/mr_robot_description/build --no-deps symlink_data
[1.383s] Level 1:colcon.colcon_core.shell:create_environment_hook('mr_robot_description', 'pythonpath_develop')
[1.383s] DEBUG:colcon.colcon_core.event_handler.log_command:Invoked command in '/workspaces/rmf_ws/build/mr_robot_description' returned '0': PYTHONPATH=/workspaces/rmf_ws/build/mr_robot_description/prefix_override:/usr/lib/python3/dist-packages/colcon_core/task/python/colcon_distutils_commands:/workspaces/rmf_ws/install/mr_robot_description/lib/python3.10/site-packages:${PYTHONPATH} /usr/bin/python3 -W ignore:setup.py install is deprecated -W ignore:easy_install command is deprecated setup.py develop --editable --build-directory /workspaces/rmf_ws/build/mr_robot_description/build --no-deps symlink_data
[1.384s] INFO:colcon.colcon_core.shell:Creating environment hook '/workspaces/rmf_ws/build/mr_robot_description/share/mr_robot_description/hook/pythonpath_develop.ps1'
[1.384s] INFO:colcon.colcon_core.shell:Creating environment descriptor '/workspaces/rmf_ws/build/mr_robot_description/share/mr_robot_description/hook/pythonpath_develop.dsv'
[1.384s] INFO:colcon.colcon_core.shell:Creating environment hook '/workspaces/rmf_ws/build/mr_robot_description/share/mr_robot_description/hook/pythonpath_develop.sh'
[1.388s] Level 1:colcon.colcon_core.environment:checking '/workspaces/rmf_ws/install/mr_robot_description' for CMake module files
[1.388s] Level 1:colcon.colcon_core.environment:checking '/workspaces/rmf_ws/install/mr_robot_description' for CMake config files
[1.388s] Level 1:colcon.colcon_core.environment:checking '/workspaces/rmf_ws/install/mr_robot_description/lib'
[1.389s] Level 1:colcon.colcon_core.environment:checking '/workspaces/rmf_ws/install/mr_robot_description/bin'
[1.389s] Level 1:colcon.colcon_core.environment:checking '/workspaces/rmf_ws/install/mr_robot_description/lib/pkgconfig/mr_robot_description.pc'
[1.389s] Level 1:colcon.colcon_core.environment:checking '/workspaces/rmf_ws/install/mr_robot_description/lib/python3.10/site-packages'
[1.389s] Level 1:colcon.colcon_core.shell:create_environment_hook('mr_robot_description', 'pythonpath')
[1.389s] INFO:colcon.colcon_core.shell:Creating environment hook '/workspaces/rmf_ws/install/mr_robot_description/share/mr_robot_description/hook/pythonpath.ps1'
[1.389s] INFO:colcon.colcon_core.shell:Creating environment descriptor '/workspaces/rmf_ws/install/mr_robot_description/share/mr_robot_description/hook/pythonpath.dsv'
[1.389s] INFO:colcon.colcon_core.shell:Creating environment hook '/workspaces/rmf_ws/install/mr_robot_description/share/mr_robot_description/hook/pythonpath.sh'
[1.390s] Level 1:colcon.colcon_core.environment:checking '/workspaces/rmf_ws/install/mr_robot_description/bin'
[1.390s] Level 1:colcon.colcon_core.environment:create_environment_scripts_only(mr_robot_description)
[1.390s] INFO:colcon.colcon_core.shell:Creating package script '/workspaces/rmf_ws/install/mr_robot_description/share/mr_robot_description/package.ps1'
[1.391s] INFO:colcon.colcon_core.shell:Creating package descriptor '/workspaces/rmf_ws/install/mr_robot_description/share/mr_robot_description/package.dsv'
[1.392s] INFO:colcon.colcon_core.shell:Creating package script '/workspaces/rmf_ws/install/mr_robot_description/share/mr_robot_description/package.sh'
[1.392s] INFO:colcon.colcon_core.shell:Creating package script '/workspaces/rmf_ws/install/mr_robot_description/share/mr_robot_description/package.bash'
[1.393s] INFO:colcon.colcon_core.shell:Creating package script '/workspaces/rmf_ws/install/mr_robot_description/share/mr_robot_description/package.zsh'
[1.393s] Level 1:colcon.colcon_core.environment:create_file_with_runtime_dependencies(/workspaces/rmf_ws/install/mr_robot_description/share/colcon-core/packages/mr_robot_description)
[1.394s] INFO:colcon.colcon_ros.task.ament_python.build:Building ROS package in '/workspaces/rmf_ws/src/nav/mr_robot_gazebo' with build type 'ament_python'
[1.394s] Level 1:colcon.colcon_core.shell:create_environment_hook('mr_robot_gazebo', 'ament_prefix_path')
[1.394s] INFO:colcon.colcon_core.shell:Creating environment hook '/workspaces/rmf_ws/install/mr_robot_gazebo/share/mr_robot_gazebo/hook/ament_prefix_path.ps1'
[1.395s] INFO:colcon.colcon_core.shell:Creating environment descriptor '/workspaces/rmf_ws/install/mr_robot_gazebo/share/mr_robot_gazebo/hook/ament_prefix_path.dsv'
[1.395s] INFO:colcon.colcon_core.shell:Creating environment hook '/workspaces/rmf_ws/install/mr_robot_gazebo/share/mr_robot_gazebo/hook/ament_prefix_path.sh'
[1.396s] INFO:colcon.colcon_core.shell:Skip shell extension 'powershell' for command environment: Not usable outside of PowerShell
[1.396s] DEBUG:colcon.colcon_core.shell:Skip shell extension 'dsv' for command environment
[1.624s] INFO:colcon.colcon_core.task.python.build:Building Python package in '/workspaces/rmf_ws/src/nav/mr_robot_gazebo'
[1.624s] INFO:colcon.colcon_core.shell:Skip shell extension 'powershell' for command environment: Not usable outside of PowerShell
[1.624s] DEBUG:colcon.colcon_core.shell:Skip shell extension 'dsv' for command environment
[1.924s] DEBUG:colcon.colcon_core.event_handler.log_command:Invoking command in '/workspaces/rmf_ws/build/mr_robot_gazebo': AMENT_PREFIX_PATH=/workspaces/rmf_ws/install/mr_robot_description:${AMENT_PREFIX_PATH} PYTHONPATH=/workspaces/rmf_ws/build/mr_robot_gazebo/prefix_override:/usr/lib/python3/dist-packages/colcon_core/task/python/colcon_distutils_commands:/workspaces/rmf_ws/install/mr_robot_gazebo/lib/python3.10/site-packages:/workspaces/rmf_ws/build/mr_robot_description:/workspaces/rmf_ws/install/mr_robot_description/lib/python3.10/site-packages:${PYTHONPATH} /usr/bin/python3 -W ignore:setup.py install is deprecated -W ignore:easy_install command is deprecated setup.py develop --editable --build-directory /workspaces/rmf_ws/build/mr_robot_gazebo/build --no-deps symlink_data
[2.288s] Level 1:colcon.colcon_core.shell:create_environment_hook('mr_robot_gazebo', 'pythonpath_develop')
[2.288s] INFO:colcon.colcon_core.shell:Creating environment hook '/workspaces/rmf_ws/build/mr_robot_gazebo/share/mr_robot_gazebo/hook/pythonpath_develop.ps1'
[2.288s] DEBUG:colcon.colcon_core.event_handler.log_command:Invoked command in '/workspaces/rmf_ws/build/mr_robot_gazebo' returned '0': AMENT_PREFIX_PATH=/workspaces/rmf_ws/install/mr_robot_description:${AMENT_PREFIX_PATH} PYTHONPATH=/workspaces/rmf_ws/build/mr_robot_gazebo/prefix_override:/usr/lib/python3/dist-packages/colcon_core/task/python/colcon_distutils_commands:/workspaces/rmf_ws/install/mr_robot_gazebo/lib/python3.10/site-packages:/workspaces/rmf_ws/build/mr_robot_description:/workspaces/rmf_ws/install/mr_robot_description/lib/python3.10/site-packages:${PYTHONPATH} /usr/bin/python3 -W ignore:setup.py install is deprecated -W ignore:easy_install command is deprecated setup.py develop --editable --build-directory /workspaces/rmf_ws/build/mr_robot_gazebo/build --no-deps symlink_data
[2.289s] INFO:colcon.colcon_core.shell:Creating environment descriptor '/workspaces/rmf_ws/build/mr_robot_gazebo/share/mr_robot_gazebo/hook/pythonpath_develop.dsv'
[2.289s] INFO:colcon.colcon_core.shell:Creating environment hook '/workspaces/rmf_ws/build/mr_robot_gazebo/share/mr_robot_gazebo/hook/pythonpath_develop.sh'
[2.289s] Level 1:colcon.colcon_core.environment:checking '/workspaces/rmf_ws/install/mr_robot_gazebo' for CMake module files
[2.290s] Level 1:colcon.colcon_core.environment:checking '/workspaces/rmf_ws/install/mr_robot_gazebo' for CMake config files
[2.290s] Level 1:colcon.colcon_core.environment:checking '/workspaces/rmf_ws/install/mr_robot_gazebo/lib'
[2.290s] Level 1:colcon.colcon_core.environment:checking '/workspaces/rmf_ws/install/mr_robot_gazebo/bin'
[2.290s] Level 1:colcon.colcon_core.environment:checking '/workspaces/rmf_ws/install/mr_robot_gazebo/lib/pkgconfig/mr_robot_gazebo.pc'
[2.290s] Level 1:colcon.colcon_core.environment:checking '/workspaces/rmf_ws/install/mr_robot_gazebo/lib/python3.10/site-packages'
[2.290s] Level 1:colcon.colcon_core.shell:create_environment_hook('mr_robot_gazebo', 'pythonpath')
[2.290s] INFO:colcon.colcon_core.shell:Creating environment hook '/workspaces/rmf_ws/install/mr_robot_gazebo/share/mr_robot_gazebo/hook/pythonpath.ps1'
[2.291s] INFO:colcon.colcon_core.shell:Creating environment descriptor '/workspaces/rmf_ws/install/mr_robot_gazebo/share/mr_robot_gazebo/hook/pythonpath.dsv'
[2.291s] INFO:colcon.colcon_core.shell:Creating environment hook '/workspaces/rmf_ws/install/mr_robot_gazebo/share/mr_robot_gazebo/hook/pythonpath.sh'
[2.291s] Level 1:colcon.colcon_core.environment:checking '/workspaces/rmf_ws/install/mr_robot_gazebo/bin'
[2.291s] Level 1:colcon.colcon_core.environment:create_environment_scripts_only(mr_robot_gazebo)
[2.291s] INFO:colcon.colcon_core.shell:Creating package script '/workspaces/rmf_ws/install/mr_robot_gazebo/share/mr_robot_gazebo/package.ps1'
[2.292s] INFO:colcon.colcon_core.shell:Creating package descriptor '/workspaces/rmf_ws/install/mr_robot_gazebo/share/mr_robot_gazebo/package.dsv'
[2.292s] INFO:colcon.colcon_core.shell:Creating package script '/workspaces/rmf_ws/install/mr_robot_gazebo/share/mr_robot_gazebo/package.sh'
[2.292s] INFO:colcon.colcon_core.shell:Creating package script '/workspaces/rmf_ws/install/mr_robot_gazebo/share/mr_robot_gazebo/package.bash'
[2.293s] INFO:colcon.colcon_core.shell:Creating package script '/workspaces/rmf_ws/install/mr_robot_gazebo/share/mr_robot_gazebo/package.zsh'
[2.293s] Level 1:colcon.colcon_core.environment:create_file_with_runtime_dependencies(/workspaces/rmf_ws/install/mr_robot_gazebo/share/colcon-core/packages/mr_robot_gazebo)
[2.293s] INFO:colcon.colcon_ros.task.ament_python.build:Building ROS package in '/workspaces/rmf_ws/src/nav/robot_nav' with build type 'ament_python'
[2.293s] Level 1:colcon.colcon_core.shell:create_environment_hook('robot_nav', 'ament_prefix_path')
[2.293s] INFO:colcon.colcon_core.shell:Creating environment hook '/workspaces/rmf_ws/install/robot_nav/share/robot_nav/hook/ament_prefix_path.ps1'
[2.294s] INFO:colcon.colcon_core.shell:Creating environment descriptor '/workspaces/rmf_ws/install/robot_nav/share/robot_nav/hook/ament_prefix_path.dsv'
[2.294s] INFO:colcon.colcon_core.shell:Creating environment hook '/workspaces/rmf_ws/install/robot_nav/share/robot_nav/hook/ament_prefix_path.sh'
[2.295s] INFO:colcon.colcon_core.shell:Skip shell extension 'powershell' for command environment: Not usable outside of PowerShell
[2.295s] DEBUG:colcon.colcon_core.shell:Skip shell extension 'dsv' for command environment
[2.504s] INFO:colcon.colcon_core.task.python.build:Building Python package in '/workspaces/rmf_ws/src/nav/robot_nav'
[2.504s] INFO:colcon.colcon_core.shell:Skip shell extension 'powershell' for command environment: Not usable outside of PowerShell
[2.504s] DEBUG:colcon.colcon_core.shell:Skip shell extension 'dsv' for command environment
[2.807s] DEBUG:colcon.colcon_core.event_handler.log_command:Invoking command in '/workspaces/rmf_ws/build/robot_nav': AMENT_PREFIX_PATH=/workspaces/rmf_ws/install/mr_robot_gazebo:/workspaces/rmf_ws/install/mr_robot_description:${AMENT_PREFIX_PATH} PYTHONPATH=/workspaces/rmf_ws/build/robot_nav/prefix_override:/usr/lib/python3/dist-packages/colcon_core/task/python/colcon_distutils_commands:/workspaces/rmf_ws/install/robot_nav/lib/python3.10/site-packages:/workspaces/rmf_ws/build/mr_robot_gazebo:/workspaces/rmf_ws/install/mr_robot_gazebo/lib/python3.10/site-packages:/workspaces/rmf_ws/build/mr_robot_description:/workspaces/rmf_ws/install/mr_robot_description/lib/python3.10/site-packages:${PYTHONPATH} /usr/bin/python3 -W ignore:setup.py install is deprecated -W ignore:easy_install command is deprecated setup.py develop --editable --build-directory /workspaces/rmf_ws/build/robot_nav/build --no-deps symlink_data
[3.201s] Level 1:colcon.colcon_core.shell:create_environment_hook('robot_nav', 'pythonpath_develop')
[3.201s] INFO:colcon.colcon_core.shell:Creating environment hook '/workspaces/rmf_ws/build/robot_nav/share/robot_nav/hook/pythonpath_develop.ps1'
[3.201s] DEBUG:colcon.colcon_core.event_handler.log_command:Invoked command in '/workspaces/rmf_ws/build/robot_nav' returned '0': AMENT_PREFIX_PATH=/workspaces/rmf_ws/install/mr_robot_gazebo:/workspaces/rmf_ws/install/mr_robot_description:${AMENT_PREFIX_PATH} PYTHONPATH=/workspaces/rmf_ws/build/robot_nav/prefix_override:/usr/lib/python3/dist-packages/colcon_core/task/python/colcon_distutils_commands:/workspaces/rmf_ws/install/robot_nav/lib/python3.10/site-packages:/workspaces/rmf_ws/build/mr_robot_gazebo:/workspaces/rmf_ws/install/mr_robot_gazebo/lib/python3.10/site-packages:/workspaces/rmf_ws/build/mr_robot_description:/workspaces/rmf_ws/install/mr_robot_description/lib/python3.10/site-packages:${PYTHONPATH} /usr/bin/python3 -W ignore:setup.py install is deprecated -W ignore:easy_install command is deprecated setup.py develop --editable --build-directory /workspaces/rmf_ws/build/robot_nav/build --no-deps symlink_data
[3.202s] INFO:colcon.colcon_core.shell:Creating environment descriptor '/workspaces/rmf_ws/build/robot_nav/share/robot_nav/hook/pythonpath_develop.dsv'
[3.202s] INFO:colcon.colcon_core.shell:Creating environment hook '/workspaces/rmf_ws/build/robot_nav/share/robot_nav/hook/pythonpath_develop.sh'
[3.203s] Level 1:colcon.colcon_core.environment:checking '/workspaces/rmf_ws/install/robot_nav' for CMake module files
[3.203s] Level 1:colcon.colcon_core.environment:checking '/workspaces/rmf_ws/install/robot_nav' for CMake config files
[3.203s] Level 1:colcon.colcon_core.environment:checking '/workspaces/rmf_ws/install/robot_nav/lib'
[3.203s] Level 1:colcon.colcon_core.environment:checking '/workspaces/rmf_ws/install/robot_nav/bin'
[3.204s] Level 1:colcon.colcon_core.environment:checking '/workspaces/rmf_ws/install/robot_nav/lib/pkgconfig/robot_nav.pc'
[3.204s] Level 1:colcon.colcon_core.environment:checking '/workspaces/rmf_ws/install/robot_nav/lib/python3.10/site-packages'
[3.204s] Level 1:colcon.colcon_core.shell:create_environment_hook('robot_nav', 'pythonpath')
[3.204s] INFO:colcon.colcon_core.shell:Creating environment hook '/workspaces/rmf_ws/install/robot_nav/share/robot_nav/hook/pythonpath.ps1'
[3.204s] INFO:colcon.colcon_core.shell:Creating environment descriptor '/workspaces/rmf_ws/install/robot_nav/share/robot_nav/hook/pythonpath.dsv'
[3.204s] INFO:colcon.colcon_core.shell:Creating environment hook '/workspaces/rmf_ws/install/robot_nav/share/robot_nav/hook/pythonpath.sh'
[3.205s] Level 1:colcon.colcon_core.environment:checking '/workspaces/rmf_ws/install/robot_nav/bin'
[3.205s] Level 1:colcon.colcon_core.environment:create_environment_scripts_only(robot_nav)
[3.205s] INFO:colcon.colcon_core.shell:Creating package script '/workspaces/rmf_ws/install/robot_nav/share/robot_nav/package.ps1'
[3.205s] INFO:colcon.colcon_core.shell:Creating package descriptor '/workspaces/rmf_ws/install/robot_nav/share/robot_nav/package.dsv'
[3.206s] INFO:colcon.colcon_core.shell:Creating package script '/workspaces/rmf_ws/install/robot_nav/share/robot_nav/package.sh'
[3.206s] INFO:colcon.colcon_core.shell:Creating package script '/workspaces/rmf_ws/install/robot_nav/share/robot_nav/package.bash'
[3.206s] INFO:colcon.colcon_core.shell:Creating package script '/workspaces/rmf_ws/install/robot_nav/share/robot_nav/package.zsh'
[3.206s] Level 1:colcon.colcon_core.environment:create_file_with_runtime_dependencies(/workspaces/rmf_ws/install/robot_nav/share/colcon-core/packages/robot_nav)
[3.206s] DEBUG:colcon.colcon_parallel_executor.executor.parallel:closing loop
[3.207s] DEBUG:colcon.colcon_parallel_executor.executor.parallel:loop closed
[3.207s] DEBUG:colcon.colcon_parallel_executor.executor.parallel:run_until_complete finished with '0'
[3.207s] DEBUG:colcon.colcon_core.event_reactor:joining thread
[3.213s] INFO:colcon.colcon_core.plugin_system:Skipping extension 'colcon_notification.desktop_notification.notify_send': Could not find 'notify-send'
[3.213s] INFO:colcon.colcon_core.plugin_system:Skipping extension 'colcon_notification.desktop_notification.terminal_notifier': Not used on non-Darwin systems
[3.213s] INFO:colcon.colcon_core.plugin_system:Skipping extension 'colcon_notification.desktop_notification.win32': Not used on non-Windows systems
[3.213s] INFO:colcon.colcon_notification.desktop_notification:Sending desktop notification using 'notify2'
[3.216s] DEBUG:colcon.colcon_notification.desktop_notification.notify2:Failed to initialize notify2: org.freedesktop.DBus.Error.Spawn.ExecFailed: /usr/bin/dbus-launch terminated abnormally without any error message
[3.216s] DEBUG:colcon.colcon_core.event_reactor:joined thread
[3.216s] INFO:colcon.colcon_core.shell:Creating prefix script '/workspaces/rmf_ws/install/local_setup.ps1'
[3.217s] INFO:colcon.colcon_core.shell:Creating prefix util module '/workspaces/rmf_ws/install/_local_setup_util_ps1.py'
[3.218s] INFO:colcon.colcon_core.shell:Creating prefix chain script '/workspaces/rmf_ws/install/setup.ps1'
[3.219s] INFO:colcon.colcon_core.shell:Creating prefix script '/workspaces/rmf_ws/install/local_setup.sh'
[3.220s] INFO:colcon.colcon_core.shell:Creating prefix util module '/workspaces/rmf_ws/install/_local_setup_util_sh.py'
[3.220s] INFO:colcon.colcon_core.shell:Creating prefix chain script '/workspaces/rmf_ws/install/setup.sh'
[3.222s] INFO:colcon.colcon_core.shell:Creating prefix script '/workspaces/rmf_ws/install/local_setup.bash'
[3.222s] INFO:colcon.colcon_core.shell:Creating prefix chain script '/workspaces/rmf_ws/install/setup.bash'
[3.223s] INFO:colcon.colcon_core.shell:Creating prefix script '/workspaces/rmf_ws/install/local_setup.zsh'
[3.224s] INFO:colcon.colcon_core.shell:Creating prefix chain script '/workspaces/rmf_ws/install/setup.zsh'
