-- Install configuration: ""
-- Up-to-date: /home/dream_hell/learning_rmf_ws/src/install/mr_robot_gazebo/share/mr_robot_gazebo/launch
-- Installing: /home/dream_hell/learning_rmf_ws/src/install/mr_robot_gazebo/share/mr_robot_gazebo/launch/robot.launch.py
-- Up-to-date: /home/dream_hell/learning_rmf_ws/src/install/mr_robot_gazebo/share/mr_robot_gazebo/worlds
-- Up-to-date: /home/dream_hell/learning_rmf_ws/src/install/mr_robot_gazebo/share/mr_robot_gazebo/worlds/world.sdf
-- Up-to-date: /home/dream_hell/learning_rmf_ws/src/install/mr_robot_gazebo/share/mr_robot_gazebo/config
-- Up-to-date: /home/dream_hell/learning_rmf_ws/src/install/mr_robot_gazebo/share/mr_robot_gazebo/config/ekf.yaml
-- Up-to-date: /home/dream_hell/learning_rmf_ws/src/install/mr_robot_gazebo/share/mr_robot_gazebo/config/params.yaml
-- Up-to-date: /home/dream_hell/learning_rmf_ws/src/install/mr_robot_gazebo/share/mr_robot_gazebo/config/bridge.yaml
-- Up-to-date: /home/dream_hell/learning_rmf_ws/src/install/mr_robot_gazebo/share/ament_index/resource_index/package_run_dependencies/mr_robot_gazebo
-- Up-to-date: /home/dream_hell/learning_rmf_ws/src/install/mr_robot_gazebo/share/ament_index/resource_index/parent_prefix_path/mr_robot_gazebo
-- Up-to-date: /home/dream_hell/learning_rmf_ws/src/install/mr_robot_gazebo/share/mr_robot_gazebo/environment/ament_prefix_path.sh
-- Up-to-date: /home/dream_hell/learning_rmf_ws/src/install/mr_robot_gazebo/share/mr_robot_gazebo/environment/ament_prefix_path.dsv
-- Up-to-date: /home/dream_hell/learning_rmf_ws/src/install/mr_robot_gazebo/share/mr_robot_gazebo/environment/path.sh
-- Up-to-date: /home/dream_hell/learning_rmf_ws/src/install/mr_robot_gazebo/share/mr_robot_gazebo/environment/path.dsv
-- Up-to-date: /home/dream_hell/learning_rmf_ws/src/install/mr_robot_gazebo/share/mr_robot_gazebo/local_setup.bash
-- Up-to-date: /home/dream_hell/learning_rmf_ws/src/install/mr_robot_gazebo/share/mr_robot_gazebo/local_setup.sh
-- Up-to-date: /home/dream_hell/learning_rmf_ws/src/install/mr_robot_gazebo/share/mr_robot_gazebo/local_setup.zsh
-- Up-to-date: /home/dream_hell/learning_rmf_ws/src/install/mr_robot_gazebo/share/mr_robot_gazebo/local_setup.dsv
-- Installing: /home/dream_hell/learning_rmf_ws/src/install/mr_robot_gazebo/share/mr_robot_gazebo/package.dsv
-- Up-to-date: /home/dream_hell/learning_rmf_ws/src/install/mr_robot_gazebo/share/ament_index/resource_index/packages/mr_robot_gazebo
-- Up-to-date: /home/dream_hell/learning_rmf_ws/src/install/mr_robot_gazebo/share/mr_robot_gazebo/cmake/mr_robot_gazeboConfig.cmake
-- Up-to-date: /home/dream_hell/learning_rmf_ws/src/install/mr_robot_gazebo/share/mr_robot_gazebo/cmake/mr_robot_gazeboConfig-version.cmake
-- Up-to-date: /home/dream_hell/learning_rmf_ws/src/install/mr_robot_gazebo/share/mr_robot_gazebo/package.xml
