[0.353s] DEBUG:colcon:Command line arguments: ['/usr/bin/colcon', 'build']
[0.353s] DEBUG:colcon:Parsed command line arguments: Namespace(log_base=None, log_level=None, verb_name='build', build_base='build', install_base='install', merge_install=False, symlink_install=False, test_result_base=None, continue_on_error=False, executor='parallel', parallel_workers=8, event_handlers=None, ignore_user_meta=False, metas=['./colcon.meta'], base_paths=['.'], packages_ignore=None, packages_ignore_regex=None, paths=None, packages_up_to=None, packages_up_to_regex=None, packages_above=None, packages_above_and_dependencies=None, packages_above_depth=None, packages_select_by_dep=None, packages_skip_by_dep=None, packages_skip_up_to=None, packages_select_build_failed=False, packages_skip_build_finished=False, packages_select_test_failures=False, packages_skip_test_passed=False, packages_select=None, packages_skip=None, packages_select_regex=None, packages_skip_regex=None, packages_start=None, packages_end=None, allow_overriding=[], bazel_args=None, bazel_task=None, cmake_args=None, cmake_target=None, cmake_target_skip_unavailable=False, cmake_clean_cache=False, cmake_clean_first=False, cmake_force_configure=False, meson_args=[], ament_cmake_args=None, catkin_cmake_args=None, catkin_skip_building_tests=False, mixin_files=None, mixin=None, verb_parser=<colcon_alias.argument_parser.alias.AliasArgumentDecorator object at 0x70707d722ef0>, verb_extension=<colcon_core.verb.build.BuildVerb object at 0x70707d722290>, main=<bound method BuildVerb.main of <colcon_core.verb.build.BuildVerb object at 0x70707d722290>>, mixin_verb=('build',))
[0.408s] Level 1:colcon.colcon_core.package_discovery:discover_packages(colcon_meta) check parameters
[0.409s] Level 1:colcon.colcon_core.package_discovery:discover_packages(recursive) check parameters
[0.409s] Level 1:colcon.colcon_core.package_discovery:discover_packages(ignore) check parameters
[0.409s] Level 1:colcon.colcon_core.package_discovery:discover_packages(path) check parameters
[0.409s] Level 1:colcon.colcon_core.package_discovery:discover_packages(colcon_meta) discover
[0.409s] Level 1:colcon.colcon_core.package_discovery:discover_packages(recursive) discover
[0.409s] INFO:colcon.colcon_core.package_discovery:Crawling recursively for packages in '/home/dream_hell/learning_rmf_ws/src'
[0.409s] Level 1:colcon.colcon_core.package_identification:_identify(.) by extensions ['ignore', 'ignore_ament_install']
[0.409s] Level 1:colcon.colcon_core.package_identification:_identify(.) by extension 'ignore'
[0.409s] Level 1:colcon.colcon_core.package_identification:_identify(.) by extension 'ignore_ament_install'
[0.409s] Level 1:colcon.colcon_core.package_identification:_identify(.) by extensions ['colcon_pkg']
[0.409s] Level 1:colcon.colcon_core.package_identification:_identify(.) by extension 'colcon_pkg'
[0.409s] Level 1:colcon.colcon_core.package_identification:_identify(.) by extensions ['colcon_meta']
[0.409s] Level 1:colcon.colcon_core.package_identification:_identify(.) by extension 'colcon_meta'
[0.409s] Level 1:colcon.colcon_core.package_identification:_identify(.) by extensions ['ros']
[0.409s] Level 1:colcon.colcon_core.package_identification:_identify(.) by extension 'ros'
[0.412s] Level 1:colcon.colcon_core.package_identification:_identify(.) by extensions ['bazel', 'cmake', 'meson', 'python']
[0.413s] Level 1:colcon.colcon_core.package_identification:_identify(.) by extension 'bazel'
[0.413s] Level 1:colcon.colcon_core.package_identification:_identify(.) by extension 'cmake'
[0.413s] Level 1:colcon.colcon_core.package_identification:_identify(.) by extension 'meson'
[0.413s] Level 1:colcon.colcon_core.package_identification:_identify(.) by extension 'python'
[0.413s] Level 1:colcon.colcon_core.package_identification:_identify(.) by extensions ['python_setup_py']
[0.413s] Level 1:colcon.colcon_core.package_identification:_identify(.) by extension 'python_setup_py'
[0.413s] Level 1:colcon.colcon_core.package_identification:_identify(build) by extensions ['ignore', 'ignore_ament_install']
[0.413s] Level 1:colcon.colcon_core.package_identification:_identify(build) by extension 'ignore'
[0.413s] Level 1:colcon.colcon_core.package_identification:_identify(build) ignored
[0.413s] Level 1:colcon.colcon_core.package_identification:_identify(install) by extensions ['ignore', 'ignore_ament_install']
[0.413s] Level 1:colcon.colcon_core.package_identification:_identify(install) by extension 'ignore'
[0.413s] Level 1:colcon.colcon_core.package_identification:_identify(install) ignored
[0.414s] Level 1:colcon.colcon_core.package_identification:_identify(log) by extensions ['ignore', 'ignore_ament_install']
[0.414s] Level 1:colcon.colcon_core.package_identification:_identify(log) by extension 'ignore'
[0.414s] Level 1:colcon.colcon_core.package_identification:_identify(log) ignored
[0.414s] Level 1:colcon.colcon_core.package_identification:_identify(mr_robot_description) by extensions ['ignore', 'ignore_ament_install']
[0.414s] Level 1:colcon.colcon_core.package_identification:_identify(mr_robot_description) by extension 'ignore'
[0.414s] Level 1:colcon.colcon_core.package_identification:_identify(mr_robot_description) by extension 'ignore_ament_install'
[0.414s] Level 1:colcon.colcon_core.package_identification:_identify(mr_robot_description) by extensions ['colcon_pkg']
[0.414s] Level 1:colcon.colcon_core.package_identification:_identify(mr_robot_description) by extension 'colcon_pkg'
[0.414s] Level 1:colcon.colcon_core.package_identification:_identify(mr_robot_description) by extensions ['colcon_meta']
[0.414s] Level 1:colcon.colcon_core.package_identification:_identify(mr_robot_description) by extension 'colcon_meta'
[0.414s] Level 1:colcon.colcon_core.package_identification:_identify(mr_robot_description) by extensions ['ros']
[0.414s] Level 1:colcon.colcon_core.package_identification:_identify(mr_robot_description) by extension 'ros'
[0.417s] DEBUG:colcon.colcon_core.package_identification:Package 'mr_robot_description' with type 'ros.ament_python' and name 'mr_robot_description'
[0.417s] Level 1:colcon.colcon_core.package_identification:_identify(mr_robot_gazebo) by extensions ['ignore', 'ignore_ament_install']
[0.417s] Level 1:colcon.colcon_core.package_identification:_identify(mr_robot_gazebo) by extension 'ignore'
[0.417s] Level 1:colcon.colcon_core.package_identification:_identify(mr_robot_gazebo) by extension 'ignore_ament_install'
[0.417s] Level 1:colcon.colcon_core.package_identification:_identify(mr_robot_gazebo) by extensions ['colcon_pkg']
[0.418s] Level 1:colcon.colcon_core.package_identification:_identify(mr_robot_gazebo) by extension 'colcon_pkg'
[0.418s] Level 1:colcon.colcon_core.package_identification:_identify(mr_robot_gazebo) by extensions ['colcon_meta']
[0.418s] Level 1:colcon.colcon_core.package_identification:_identify(mr_robot_gazebo) by extension 'colcon_meta'
[0.418s] Level 1:colcon.colcon_core.package_identification:_identify(mr_robot_gazebo) by extensions ['ros']
[0.418s] Level 1:colcon.colcon_core.package_identification:_identify(mr_robot_gazebo) by extension 'ros'
[0.418s] DEBUG:colcon.colcon_core.package_identification:Package 'mr_robot_gazebo' with type 'ros.ament_cmake' and name 'mr_robot_gazebo'
[0.418s] Level 1:colcon.colcon_core.package_discovery:discover_packages(recursive) using defaults
[0.418s] Level 1:colcon.colcon_core.package_discovery:discover_packages(ignore) discover
[0.418s] Level 1:colcon.colcon_core.package_discovery:discover_packages(ignore) using defaults
[0.418s] Level 1:colcon.colcon_core.package_discovery:discover_packages(path) discover
[0.418s] Level 1:colcon.colcon_core.package_discovery:discover_packages(path) using defaults
[0.437s] Level 1:colcon.colcon_core.package_discovery:discover_packages(prefix_path) check parameters
[0.437s] Level 1:colcon.colcon_core.package_discovery:discover_packages(prefix_path) discover
[0.440s] DEBUG:colcon.colcon_installed_package_information.package_discovery:Found 397 installed packages in /opt/ros/humble
[0.443s] Level 1:colcon.colcon_core.package_discovery:discover_packages(prefix_path) using defaults
[0.510s] Level 5:colcon.colcon_core.verb:set package 'mr_robot_description' build argument 'bazel_args' from command line to 'None'
[0.510s] Level 5:colcon.colcon_core.verb:set package 'mr_robot_description' build argument 'bazel_task' from command line to 'None'
[0.510s] Level 5:colcon.colcon_core.verb:set package 'mr_robot_description' build argument 'cmake_args' from command line to 'None'
[0.510s] Level 5:colcon.colcon_core.verb:set package 'mr_robot_description' build argument 'cmake_target' from command line to 'None'
[0.510s] Level 5:colcon.colcon_core.verb:set package 'mr_robot_description' build argument 'cmake_target_skip_unavailable' from command line to 'False'
[0.510s] Level 5:colcon.colcon_core.verb:set package 'mr_robot_description' build argument 'cmake_clean_cache' from command line to 'False'
[0.510s] Level 5:colcon.colcon_core.verb:set package 'mr_robot_description' build argument 'cmake_clean_first' from command line to 'False'
[0.510s] Level 5:colcon.colcon_core.verb:set package 'mr_robot_description' build argument 'cmake_force_configure' from command line to 'False'
[0.510s] Level 5:colcon.colcon_core.verb:set package 'mr_robot_description' build argument 'meson_args' from command line to '[]'
[0.510s] Level 5:colcon.colcon_core.verb:set package 'mr_robot_description' build argument 'ament_cmake_args' from command line to 'None'
[0.510s] Level 5:colcon.colcon_core.verb:set package 'mr_robot_description' build argument 'catkin_cmake_args' from command line to 'None'
[0.510s] Level 5:colcon.colcon_core.verb:set package 'mr_robot_description' build argument 'catkin_skip_building_tests' from command line to 'False'
[0.510s] DEBUG:colcon.colcon_core.verb:Building package 'mr_robot_description' with the following arguments: {'ament_cmake_args': None, 'bazel_args': None, 'bazel_task': None, 'build_base': '/home/dream_hell/learning_rmf_ws/src/build/mr_robot_description', 'catkin_cmake_args': None, 'catkin_skip_building_tests': False, 'cmake_args': None, 'cmake_clean_cache': False, 'cmake_clean_first': False, 'cmake_force_configure': False, 'cmake_target': None, 'cmake_target_skip_unavailable': False, 'install_base': '/home/dream_hell/learning_rmf_ws/src/install/mr_robot_description', 'merge_install': False, 'meson_args': [], 'path': '/home/dream_hell/learning_rmf_ws/src/mr_robot_description', 'symlink_install': False, 'test_result_base': None}
[0.525s] Level 5:colcon.colcon_core.verb:set package 'mr_robot_gazebo' build argument 'bazel_args' from command line to 'None'
[0.525s] Level 5:colcon.colcon_core.verb:set package 'mr_robot_gazebo' build argument 'bazel_task' from command line to 'None'
[0.525s] Level 5:colcon.colcon_core.verb:set package 'mr_robot_gazebo' build argument 'cmake_args' from command line to 'None'
[0.525s] Level 5:colcon.colcon_core.verb:set package 'mr_robot_gazebo' build argument 'cmake_target' from command line to 'None'
[0.525s] Level 5:colcon.colcon_core.verb:set package 'mr_robot_gazebo' build argument 'cmake_target_skip_unavailable' from command line to 'False'
[0.525s] Level 5:colcon.colcon_core.verb:set package 'mr_robot_gazebo' build argument 'cmake_clean_cache' from command line to 'False'
[0.525s] Level 5:colcon.colcon_core.verb:set package 'mr_robot_gazebo' build argument 'cmake_clean_first' from command line to 'False'
[0.525s] Level 5:colcon.colcon_core.verb:set package 'mr_robot_gazebo' build argument 'cmake_force_configure' from command line to 'False'
[0.525s] Level 5:colcon.colcon_core.verb:set package 'mr_robot_gazebo' build argument 'meson_args' from command line to '[]'
[0.525s] Level 5:colcon.colcon_core.verb:set package 'mr_robot_gazebo' build argument 'ament_cmake_args' from command line to 'None'
[0.525s] Level 5:colcon.colcon_core.verb:set package 'mr_robot_gazebo' build argument 'catkin_cmake_args' from command line to 'None'
[0.525s] Level 5:colcon.colcon_core.verb:set package 'mr_robot_gazebo' build argument 'catkin_skip_building_tests' from command line to 'False'
[0.525s] DEBUG:colcon.colcon_core.verb:Building package 'mr_robot_gazebo' with the following arguments: {'ament_cmake_args': None, 'bazel_args': None, 'bazel_task': None, 'build_base': '/home/dream_hell/learning_rmf_ws/src/build/mr_robot_gazebo', 'catkin_cmake_args': None, 'catkin_skip_building_tests': False, 'cmake_args': None, 'cmake_clean_cache': False, 'cmake_clean_first': False, 'cmake_force_configure': False, 'cmake_target': None, 'cmake_target_skip_unavailable': False, 'install_base': '/home/dream_hell/learning_rmf_ws/src/install/mr_robot_gazebo', 'merge_install': False, 'meson_args': [], 'path': '/home/dream_hell/learning_rmf_ws/src/mr_robot_gazebo', 'symlink_install': False, 'test_result_base': None}
[0.525s] INFO:colcon.colcon_core.executor:Executing jobs using 'parallel' executor
[0.527s] DEBUG:colcon.colcon_parallel_executor.executor.parallel:run_until_complete
[0.527s] INFO:colcon.colcon_ros.task.ament_python.build:Building ROS package in '/home/dream_hell/learning_rmf_ws/src/mr_robot_description' with build type 'ament_python'
[0.527s] Level 1:colcon.colcon_core.shell:create_environment_hook('mr_robot_description', 'ament_prefix_path')
[0.530s] INFO:colcon.colcon_core.plugin_system:Skipping extension 'colcon_core.shell.bat': Not used on non-Windows systems
[0.530s] INFO:colcon.colcon_core.shell:Creating environment hook '/home/dream_hell/learning_rmf_ws/src/install/mr_robot_description/share/mr_robot_description/hook/ament_prefix_path.ps1'
[0.531s] INFO:colcon.colcon_core.shell:Creating environment descriptor '/home/dream_hell/learning_rmf_ws/src/install/mr_robot_description/share/mr_robot_description/hook/ament_prefix_path.dsv'
[0.532s] INFO:colcon.colcon_core.shell:Creating environment hook '/home/dream_hell/learning_rmf_ws/src/install/mr_robot_description/share/mr_robot_description/hook/ament_prefix_path.sh'
[0.533s] DEBUG:colcon.colcon_ros_domain_id_coordinator.shell.ros_domain_id:Allocated ROS_DOMAIN_ID=54 for '/home/dream_hell/learning_rmf_ws/src/build/mr_robot_description'
[0.533s] INFO:colcon.colcon_core.shell:Skip shell extension 'ros_domain_id' for command environment: 
[0.533s] INFO:colcon.colcon_core.shell:Skip shell extension 'powershell' for command environment: Not usable outside of PowerShell
[0.533s] DEBUG:colcon.colcon_core.shell:Skip shell extension 'dsv' for command environment
[0.537s] INFO:colcon.colcon_ros.task.ament_cmake.build:Building ROS package in '/home/dream_hell/learning_rmf_ws/src/mr_robot_gazebo' with build type 'ament_cmake'
[0.537s] INFO:colcon.colcon_cmake.task.cmake.build:Building CMake package in '/home/dream_hell/learning_rmf_ws/src/mr_robot_gazebo'
[0.538s] DEBUG:colcon.colcon_ros_domain_id_coordinator.shell.ros_domain_id:Allocated ROS_DOMAIN_ID=49 for '/home/dream_hell/learning_rmf_ws/src/build/mr_robot_gazebo'
[0.538s] INFO:colcon.colcon_core.shell:Skip shell extension 'ros_domain_id' for command environment: 
[0.538s] INFO:colcon.colcon_core.shell:Skip shell extension 'powershell' for command environment: Not usable outside of PowerShell
[0.538s] DEBUG:colcon.colcon_core.shell:Skip shell extension 'dsv' for command environment
[0.830s] INFO:colcon.colcon_core.task.python.build:Building Python package in '/home/dream_hell/learning_rmf_ws/src/mr_robot_description'
[0.831s] DEBUG:colcon.colcon_ros_domain_id_coordinator.shell.ros_domain_id:Allocated ROS_DOMAIN_ID=54 for '/home/dream_hell/learning_rmf_ws/src/build/mr_robot_description'
[0.831s] INFO:colcon.colcon_core.shell:Skip shell extension 'ros_domain_id' for command environment: 
[0.831s] INFO:colcon.colcon_core.shell:Skip shell extension 'powershell' for command environment: Not usable outside of PowerShell
[0.831s] DEBUG:colcon.colcon_core.shell:Skip shell extension 'dsv' for command environment
[0.842s] DEBUG:colcon.colcon_core.event_handler.log_command:Invoking command in '/home/dream_hell/learning_rmf_ws/src/build/mr_robot_gazebo': CMAKE_PREFIX_PATH=/opt/ros/humble /usr/bin/cmake /home/dream_hell/learning_rmf_ws/src/mr_robot_gazebo -DCMAKE_INSTALL_PREFIX=/home/dream_hell/learning_rmf_ws/src/install/mr_robot_gazebo
[1.618s] DEBUG:colcon.colcon_core.event_handler.log_command:Invoking command in '/home/dream_hell/learning_rmf_ws/src/mr_robot_description': PYTHONPATH=/home/dream_hell/learning_rmf_ws/src/build/mr_robot_description/prefix_override:/usr/lib/python3/dist-packages/colcon_core/task/python/colcon_distutils_commands:/home/dream_hell/learning_rmf_ws/src/install/mr_robot_description/lib/python3.10/site-packages:${PYTHONPATH} /usr/bin/python3 -W ignore:setup.py install is deprecated -W ignore:easy_install command is deprecated setup.py egg_info --egg-base ../build/mr_robot_description build --build-base /home/dream_hell/learning_rmf_ws/src/build/mr_robot_description/build install --record /home/dream_hell/learning_rmf_ws/src/build/mr_robot_description/install.log --single-version-externally-managed install_data
[2.132s] DEBUG:colcon.colcon_core.event_handler.log_command:Invoked command in '/home/dream_hell/learning_rmf_ws/src/build/mr_robot_gazebo' returned '0': CMAKE_PREFIX_PATH=/opt/ros/humble /usr/bin/cmake /home/dream_hell/learning_rmf_ws/src/mr_robot_gazebo -DCMAKE_INSTALL_PREFIX=/home/dream_hell/learning_rmf_ws/src/install/mr_robot_gazebo
[2.134s] DEBUG:colcon.colcon_core.event_handler.log_command:Invoking command in '/home/dream_hell/learning_rmf_ws/src/build/mr_robot_gazebo': CMAKE_PREFIX_PATH=/opt/ros/humble /usr/bin/cmake --build /home/dream_hell/learning_rmf_ws/src/build/mr_robot_gazebo -- -j8 -l8
[2.205s] DEBUG:colcon.colcon_core.event_handler.log_command:Invoked command in '/home/dream_hell/learning_rmf_ws/src/build/mr_robot_gazebo' returned '0': CMAKE_PREFIX_PATH=/opt/ros/humble /usr/bin/cmake --build /home/dream_hell/learning_rmf_ws/src/build/mr_robot_gazebo -- -j8 -l8
[2.230s] DEBUG:colcon.colcon_core.event_handler.log_command:Invoking command in '/home/dream_hell/learning_rmf_ws/src/build/mr_robot_gazebo': CMAKE_PREFIX_PATH=/opt/ros/humble /usr/bin/cmake --install /home/dream_hell/learning_rmf_ws/src/build/mr_robot_gazebo
[2.251s] Level 1:colcon.colcon_core.environment:create_environment_scripts_only(mr_robot_gazebo)
[2.252s] DEBUG:colcon.colcon_core.event_handler.log_command:Invoked command in '/home/dream_hell/learning_rmf_ws/src/build/mr_robot_gazebo' returned '0': CMAKE_PREFIX_PATH=/opt/ros/humble /usr/bin/cmake --install /home/dream_hell/learning_rmf_ws/src/build/mr_robot_gazebo
[2.258s] Level 1:colcon.colcon_core.environment:checking '/home/dream_hell/learning_rmf_ws/src/install/mr_robot_gazebo' for CMake module files
[2.260s] Level 1:colcon.colcon_core.environment:checking '/home/dream_hell/learning_rmf_ws/src/install/mr_robot_gazebo' for CMake config files
[2.261s] Level 1:colcon.colcon_core.shell:create_environment_hook('mr_robot_gazebo', 'cmake_prefix_path')
[2.261s] INFO:colcon.colcon_core.shell:Creating environment hook '/home/dream_hell/learning_rmf_ws/src/install/mr_robot_gazebo/share/mr_robot_gazebo/hook/cmake_prefix_path.ps1'
[2.263s] INFO:colcon.colcon_core.shell:Creating environment descriptor '/home/dream_hell/learning_rmf_ws/src/install/mr_robot_gazebo/share/mr_robot_gazebo/hook/cmake_prefix_path.dsv'
[2.264s] INFO:colcon.colcon_core.shell:Creating environment hook '/home/dream_hell/learning_rmf_ws/src/install/mr_robot_gazebo/share/mr_robot_gazebo/hook/cmake_prefix_path.sh'
[2.266s] Level 1:colcon.colcon_core.environment:checking '/home/dream_hell/learning_rmf_ws/src/install/mr_robot_gazebo/bin'
[2.266s] Level 1:colcon.colcon_core.environment:checking '/home/dream_hell/learning_rmf_ws/src/install/mr_robot_gazebo/lib/pkgconfig/mr_robot_gazebo.pc'
[2.266s] Level 1:colcon.colcon_core.environment:checking '/home/dream_hell/learning_rmf_ws/src/install/mr_robot_gazebo/lib/python3.10/site-packages'
[2.267s] Level 1:colcon.colcon_core.environment:checking '/home/dream_hell/learning_rmf_ws/src/install/mr_robot_gazebo/bin'
[2.268s] INFO:colcon.colcon_core.shell:Creating package script '/home/dream_hell/learning_rmf_ws/src/install/mr_robot_gazebo/share/mr_robot_gazebo/package.ps1'
[2.270s] INFO:colcon.colcon_core.shell:Creating package descriptor '/home/dream_hell/learning_rmf_ws/src/install/mr_robot_gazebo/share/mr_robot_gazebo/package.dsv'
[2.271s] INFO:colcon.colcon_core.shell:Creating package script '/home/dream_hell/learning_rmf_ws/src/install/mr_robot_gazebo/share/mr_robot_gazebo/package.sh'
[2.273s] INFO:colcon.colcon_core.shell:Creating package script '/home/dream_hell/learning_rmf_ws/src/install/mr_robot_gazebo/share/mr_robot_gazebo/package.bash'
[2.277s] INFO:colcon.colcon_core.shell:Creating package script '/home/dream_hell/learning_rmf_ws/src/install/mr_robot_gazebo/share/mr_robot_gazebo/package.zsh'
[2.279s] Level 1:colcon.colcon_core.environment:create_file_with_runtime_dependencies(/home/dream_hell/learning_rmf_ws/src/install/mr_robot_gazebo/share/colcon-core/packages/mr_robot_gazebo)
[2.281s] Level 1:colcon.colcon_core.environment:create_environment_scripts_only(mr_robot_gazebo)
[2.281s] Level 1:colcon.colcon_core.environment:checking '/home/dream_hell/learning_rmf_ws/src/install/mr_robot_gazebo' for CMake module files
[2.282s] Level 1:colcon.colcon_core.environment:checking '/home/dream_hell/learning_rmf_ws/src/install/mr_robot_gazebo' for CMake config files
[2.283s] Level 1:colcon.colcon_core.shell:create_environment_hook('mr_robot_gazebo', 'cmake_prefix_path')
[2.284s] INFO:colcon.colcon_core.shell:Creating environment hook '/home/dream_hell/learning_rmf_ws/src/install/mr_robot_gazebo/share/mr_robot_gazebo/hook/cmake_prefix_path.ps1'
[2.285s] INFO:colcon.colcon_core.shell:Creating environment descriptor '/home/dream_hell/learning_rmf_ws/src/install/mr_robot_gazebo/share/mr_robot_gazebo/hook/cmake_prefix_path.dsv'
[2.286s] INFO:colcon.colcon_core.shell:Creating environment hook '/home/dream_hell/learning_rmf_ws/src/install/mr_robot_gazebo/share/mr_robot_gazebo/hook/cmake_prefix_path.sh'
[2.287s] Level 1:colcon.colcon_core.environment:checking '/home/dream_hell/learning_rmf_ws/src/install/mr_robot_gazebo/bin'
[2.287s] Level 1:colcon.colcon_core.environment:checking '/home/dream_hell/learning_rmf_ws/src/install/mr_robot_gazebo/lib/pkgconfig/mr_robot_gazebo.pc'
[2.288s] Level 1:colcon.colcon_core.environment:checking '/home/dream_hell/learning_rmf_ws/src/install/mr_robot_gazebo/lib/python3.10/site-packages'
[2.288s] Level 1:colcon.colcon_core.environment:checking '/home/dream_hell/learning_rmf_ws/src/install/mr_robot_gazebo/bin'
[2.289s] INFO:colcon.colcon_core.shell:Creating package script '/home/dream_hell/learning_rmf_ws/src/install/mr_robot_gazebo/share/mr_robot_gazebo/package.ps1'
[2.290s] INFO:colcon.colcon_core.shell:Creating package descriptor '/home/dream_hell/learning_rmf_ws/src/install/mr_robot_gazebo/share/mr_robot_gazebo/package.dsv'
[2.292s] INFO:colcon.colcon_core.shell:Creating package script '/home/dream_hell/learning_rmf_ws/src/install/mr_robot_gazebo/share/mr_robot_gazebo/package.sh'
[2.293s] INFO:colcon.colcon_core.shell:Creating package script '/home/dream_hell/learning_rmf_ws/src/install/mr_robot_gazebo/share/mr_robot_gazebo/package.bash'
[2.295s] INFO:colcon.colcon_core.shell:Creating package script '/home/dream_hell/learning_rmf_ws/src/install/mr_robot_gazebo/share/mr_robot_gazebo/package.zsh'
[2.298s] Level 1:colcon.colcon_core.environment:create_file_with_runtime_dependencies(/home/dream_hell/learning_rmf_ws/src/install/mr_robot_gazebo/share/colcon-core/packages/mr_robot_gazebo)
[2.299s] DEBUG:colcon.colcon_ros_domain_id_coordinator.shell.ros_domain_id:Released ROS_DOMAIN_ID=49 for '/home/dream_hell/learning_rmf_ws/src/build/mr_robot_gazebo'
[2.386s] Level 1:colcon.colcon_core.environment:checking '/home/dream_hell/learning_rmf_ws/src/install/mr_robot_description' for CMake module files
[2.387s] DEBUG:colcon.colcon_core.event_handler.log_command:Invoked command in '/home/dream_hell/learning_rmf_ws/src/mr_robot_description' returned '0': PYTHONPATH=/home/dream_hell/learning_rmf_ws/src/build/mr_robot_description/prefix_override:/usr/lib/python3/dist-packages/colcon_core/task/python/colcon_distutils_commands:/home/dream_hell/learning_rmf_ws/src/install/mr_robot_description/lib/python3.10/site-packages:${PYTHONPATH} /usr/bin/python3 -W ignore:setup.py install is deprecated -W ignore:easy_install command is deprecated setup.py egg_info --egg-base ../build/mr_robot_description build --build-base /home/dream_hell/learning_rmf_ws/src/build/mr_robot_description/build install --record /home/dream_hell/learning_rmf_ws/src/build/mr_robot_description/install.log --single-version-externally-managed install_data
[2.387s] Level 1:colcon.colcon_core.environment:checking '/home/dream_hell/learning_rmf_ws/src/install/mr_robot_description' for CMake config files
[2.388s] Level 1:colcon.colcon_core.environment:checking '/home/dream_hell/learning_rmf_ws/src/install/mr_robot_description/lib'
[2.388s] Level 1:colcon.colcon_core.environment:checking '/home/dream_hell/learning_rmf_ws/src/install/mr_robot_description/bin'
[2.389s] Level 1:colcon.colcon_core.environment:checking '/home/dream_hell/learning_rmf_ws/src/install/mr_robot_description/lib/pkgconfig/mr_robot_description.pc'
[2.389s] Level 1:colcon.colcon_core.environment:checking '/home/dream_hell/learning_rmf_ws/src/install/mr_robot_description/lib/python3.10/site-packages'
[2.389s] Level 1:colcon.colcon_core.shell:create_environment_hook('mr_robot_description', 'pythonpath')
[2.389s] INFO:colcon.colcon_core.shell:Creating environment hook '/home/dream_hell/learning_rmf_ws/src/install/mr_robot_description/share/mr_robot_description/hook/pythonpath.ps1'
[2.390s] INFO:colcon.colcon_core.shell:Creating environment descriptor '/home/dream_hell/learning_rmf_ws/src/install/mr_robot_description/share/mr_robot_description/hook/pythonpath.dsv'
[2.391s] INFO:colcon.colcon_core.shell:Creating environment hook '/home/dream_hell/learning_rmf_ws/src/install/mr_robot_description/share/mr_robot_description/hook/pythonpath.sh'
[2.391s] Level 1:colcon.colcon_core.environment:checking '/home/dream_hell/learning_rmf_ws/src/install/mr_robot_description/bin'
[2.391s] Level 1:colcon.colcon_core.environment:create_environment_scripts_only(mr_robot_description)
[2.392s] INFO:colcon.colcon_core.shell:Creating package script '/home/dream_hell/learning_rmf_ws/src/install/mr_robot_description/share/mr_robot_description/package.ps1'
[2.393s] INFO:colcon.colcon_core.shell:Creating package descriptor '/home/dream_hell/learning_rmf_ws/src/install/mr_robot_description/share/mr_robot_description/package.dsv'
[2.393s] INFO:colcon.colcon_core.shell:Creating package script '/home/dream_hell/learning_rmf_ws/src/install/mr_robot_description/share/mr_robot_description/package.sh'
[2.394s] INFO:colcon.colcon_core.shell:Creating package script '/home/dream_hell/learning_rmf_ws/src/install/mr_robot_description/share/mr_robot_description/package.bash'
[2.395s] INFO:colcon.colcon_core.shell:Creating package script '/home/dream_hell/learning_rmf_ws/src/install/mr_robot_description/share/mr_robot_description/package.zsh'
[2.396s] Level 1:colcon.colcon_core.environment:create_file_with_runtime_dependencies(/home/dream_hell/learning_rmf_ws/src/install/mr_robot_description/share/colcon-core/packages/mr_robot_description)
[2.397s] DEBUG:colcon.colcon_parallel_executor.executor.parallel:closing loop
[2.397s] DEBUG:colcon.colcon_parallel_executor.executor.parallel:loop closed
[2.397s] DEBUG:colcon.colcon_parallel_executor.executor.parallel:run_until_complete finished with '0'
[2.398s] DEBUG:colcon.colcon_core.event_reactor:joining thread
[2.398s] DEBUG:colcon.colcon_ros_domain_id_coordinator.shell.ros_domain_id:Released ROS_DOMAIN_ID=54 for '/home/dream_hell/learning_rmf_ws/src/build/mr_robot_description'
[2.413s] INFO:colcon.colcon_core.plugin_system:Skipping extension 'colcon_notification.desktop_notification.terminal_notifier': Not used on non-Darwin systems
[2.414s] INFO:colcon.colcon_core.plugin_system:Skipping extension 'colcon_notification.desktop_notification.win32': Not used on non-Windows systems
[2.414s] INFO:colcon.colcon_notification.desktop_notification:Sending desktop notification using 'notify2'
[2.438s] DEBUG:colcon.colcon_core.event_reactor:joined thread
[2.438s] INFO:colcon.colcon_core.shell:Creating prefix script '/home/dream_hell/learning_rmf_ws/src/install/local_setup.ps1'
[2.440s] INFO:colcon.colcon_core.shell:Creating prefix util module '/home/dream_hell/learning_rmf_ws/src/install/_local_setup_util_ps1.py'
[2.442s] INFO:colcon.colcon_core.shell:Creating prefix chain script '/home/dream_hell/learning_rmf_ws/src/install/setup.ps1'
[2.444s] INFO:colcon.colcon_core.shell:Creating prefix script '/home/dream_hell/learning_rmf_ws/src/install/local_setup.sh'
[2.445s] INFO:colcon.colcon_core.shell:Creating prefix util module '/home/dream_hell/learning_rmf_ws/src/install/_local_setup_util_sh.py'
[2.446s] INFO:colcon.colcon_core.shell:Creating prefix chain script '/home/dream_hell/learning_rmf_ws/src/install/setup.sh'
[2.448s] INFO:colcon.colcon_core.shell:Creating prefix script '/home/dream_hell/learning_rmf_ws/src/install/local_setup.bash'
[2.449s] INFO:colcon.colcon_core.shell:Creating prefix chain script '/home/dream_hell/learning_rmf_ws/src/install/setup.bash'
[2.451s] INFO:colcon.colcon_core.shell:Creating prefix script '/home/dream_hell/learning_rmf_ws/src/install/local_setup.zsh'
[2.452s] INFO:colcon.colcon_core.shell:Creating prefix chain script '/home/dream_hell/learning_rmf_ws/src/install/setup.zsh'
[2.453s] INFO:colcon.colcon_core.shell:Creating '/home/dream_hell/learning_rmf_ws/src/install/spawn_shell.bash'
