/home/dream_hell/learning_rmf_ws/src/install/mr_robot_description/lib/python3.10/site-packages/mr_robot_description/__init__.py
/home/dream_hell/learning_rmf_ws/src/install/mr_robot_description/lib/python3.10/site-packages/mr_robot_description/__pycache__/__init__.cpython-310.pyc
/home/dream_hell/learning_rmf_ws/src/install/mr_robot_description/share/ament_index/resource_index/packages/mr_robot_description
/home/dream_hell/learning_rmf_ws/src/install/mr_robot_description/share/mr_robot_description/package.xml
/home/dream_hell/learning_rmf_ws/src/install/mr_robot_description/share/mr_robot_description/launch/display.launch.py
/home/dream_hell/learning_rmf_ws/src/install/mr_robot_description/share/mr_robot_description/urdf/mr_robot.xacro
/home/dream_hell/learning_rmf_ws/src/install/mr_robot_description/share/mr_robot_description/urdf/materials.xacro
/home/dream_hell/learning_rmf_ws/src/install/mr_robot_description/share/mr_robot_description/urdf/mr_robot.gazebo
/home/dream_hell/learning_rmf_ws/src/install/mr_robot_description/share/mr_robot_description/urdf/mr_robot.trans
/home/dream_hell/learning_rmf_ws/src/install/mr_robot_description/share/mr_robot_description/meshes/gps_1.stl
/home/dream_hell/learning_rmf_ws/src/install/mr_robot_description/share/mr_robot_description/meshes/left_wheel_1.stl
/home/dream_hell/learning_rmf_ws/src/install/mr_robot_description/share/mr_robot_description/meshes/right_wheel__1.stl
/home/dream_hell/learning_rmf_ws/src/install/mr_robot_description/share/mr_robot_description/meshes/Lidar_1.stl
/home/dream_hell/learning_rmf_ws/src/install/mr_robot_description/share/mr_robot_description/meshes/imu_1.stl
/home/dream_hell/learning_rmf_ws/src/install/mr_robot_description/share/mr_robot_description/meshes/base_link.stl
/home/dream_hell/learning_rmf_ws/src/install/mr_robot_description/share/mr_robot_description/config/display.rviz
/home/dream_hell/learning_rmf_ws/src/install/mr_robot_description/lib/python3.10/site-packages/mr_robot_description-0.0.0-py3.10.egg-info/requires.txt
/home/dream_hell/learning_rmf_ws/src/install/mr_robot_description/lib/python3.10/site-packages/mr_robot_description-0.0.0-py3.10.egg-info/dependency_links.txt
/home/dream_hell/learning_rmf_ws/src/install/mr_robot_description/lib/python3.10/site-packages/mr_robot_description-0.0.0-py3.10.egg-info/PKG-INFO
/home/dream_hell/learning_rmf_ws/src/install/mr_robot_description/lib/python3.10/site-packages/mr_robot_description-0.0.0-py3.10.egg-info/top_level.txt
/home/dream_hell/learning_rmf_ws/src/install/mr_robot_description/lib/python3.10/site-packages/mr_robot_description-0.0.0-py3.10.egg-info/SOURCES.txt
/home/dream_hell/learning_rmf_ws/src/install/mr_robot_description/lib/python3.10/site-packages/mr_robot_description-0.0.0-py3.10.egg-info/zip-safe
