[0.304s] Invoking command in '/home/dream_hell/learning_rmf_ws/src/build/mr_robot_gazebo': CMAKE_PREFIX_PATH=/opt/ros/humble /usr/bin/cmake /home/dream_hell/learning_rmf_ws/src/mr_robot_gazebo -DCMAKE_INSTALL_PREFIX=/home/dream_hell/learning_rmf_ws/src/install/mr_robot_gazebo
[0.408s] -- The C compiler identification is GNU 11.4.0
[0.534s] -- The CXX compiler identification is GNU 11.4.0
[0.552s] -- Detecting C compiler ABI info
[0.663s] -- Detecting C compiler ABI info - done
[0.673s] -- Check for working C compiler: /usr/lib/ccache/cc - skipped
[0.673s] -- Detecting C compile features
[0.674s] -- Detecting C compile features - done
[0.677s] -- Detecting CXX compiler ABI info
[0.796s] -- Detecting CXX compiler ABI info - done
[0.820s] -- Check for working CXX compiler: /usr/lib/ccache/c++ - skipped
[0.821s] -- Detecting CXX compile features
[0.822s] -- Detecting CXX compile features - done
[0.830s] -- Found ament_cmake: 1.3.11 (/opt/ros/humble/share/ament_cmake/cmake)
[1.309s] -- Found Python3: /usr/bin/python3 (found version "3.10.12") found components: Interpreter 
[1.460s] -- Found ament_lint_auto: 0.12.12 (/opt/ros/humble/share/ament_lint_auto/cmake)
[1.576s] -- Added test 'flake8' to check Python code syntax and style conventions
[1.577s] -- Added test 'lint_cmake' to check CMake code style
[1.578s] -- Added test 'pep257' to check Python code against some of the docstring style conventions in PEP 257
[1.580s] -- Added test 'xmllint' to check XML markup files
[1.582s] -- Configuring done
[1.586s] -- Generating done
[1.588s] -- Build files have been written to: /home/dream_hell/learning_rmf_ws/src/build/mr_robot_gazebo
[1.594s] Invoked command in '/home/dream_hell/learning_rmf_ws/src/build/mr_robot_gazebo' returned '0': CMAKE_PREFIX_PATH=/opt/ros/humble /usr/bin/cmake /home/dream_hell/learning_rmf_ws/src/mr_robot_gazebo -DCMAKE_INSTALL_PREFIX=/home/dream_hell/learning_rmf_ws/src/install/mr_robot_gazebo
[1.597s] Invoking command in '/home/dream_hell/learning_rmf_ws/src/build/mr_robot_gazebo': CMAKE_PREFIX_PATH=/opt/ros/humble /usr/bin/cmake --build /home/dream_hell/learning_rmf_ws/src/build/mr_robot_gazebo -- -j8 -l8
[1.667s] Invoked command in '/home/dream_hell/learning_rmf_ws/src/build/mr_robot_gazebo' returned '0': CMAKE_PREFIX_PATH=/opt/ros/humble /usr/bin/cmake --build /home/dream_hell/learning_rmf_ws/src/build/mr_robot_gazebo -- -j8 -l8
[1.692s] Invoking command in '/home/dream_hell/learning_rmf_ws/src/build/mr_robot_gazebo': CMAKE_PREFIX_PATH=/opt/ros/humble /usr/bin/cmake --install /home/dream_hell/learning_rmf_ws/src/build/mr_robot_gazebo
[1.703s] -- Install configuration: ""
[1.703s] -- Installing: /home/dream_hell/learning_rmf_ws/src/install/mr_robot_gazebo/share/mr_robot_gazebo/launch
[1.704s] -- Installing: /home/dream_hell/learning_rmf_ws/src/install/mr_robot_gazebo/share/mr_robot_gazebo/launch/robot.launch.py
[1.704s] -- Installing: /home/dream_hell/learning_rmf_ws/src/install/mr_robot_gazebo/share/mr_robot_gazebo/worlds
[1.704s] -- Installing: /home/dream_hell/learning_rmf_ws/src/install/mr_robot_gazebo/share/mr_robot_gazebo/worlds/world.sdf
[1.704s] -- Installing: /home/dream_hell/learning_rmf_ws/src/install/mr_robot_gazebo/share/mr_robot_gazebo/config
[1.704s] -- Installing: /home/dream_hell/learning_rmf_ws/src/install/mr_robot_gazebo/share/mr_robot_gazebo/config/bridge.yaml
[1.705s] -- Installing: /home/dream_hell/learning_rmf_ws/src/install/mr_robot_gazebo/share/ament_index/resource_index/package_run_dependencies/mr_robot_gazebo
[1.705s] -- Installing: /home/dream_hell/learning_rmf_ws/src/install/mr_robot_gazebo/share/ament_index/resource_index/parent_prefix_path/mr_robot_gazebo
[1.706s] -- Installing: /home/dream_hell/learning_rmf_ws/src/install/mr_robot_gazebo/share/mr_robot_gazebo/environment/ament_prefix_path.sh
[1.706s] -- Installing: /home/dream_hell/learning_rmf_ws/src/install/mr_robot_gazebo/share/mr_robot_gazebo/environment/ament_prefix_path.dsv
[1.706s] -- Installing: /home/dream_hell/learning_rmf_ws/src/install/mr_robot_gazebo/share/mr_robot_gazebo/environment/path.sh
[1.707s] -- Installing: /home/dream_hell/learning_rmf_ws/src/install/mr_robot_gazebo/share/mr_robot_gazebo/environment/path.dsv
[1.707s] -- Installing: /home/dream_hell/learning_rmf_ws/src/install/mr_robot_gazebo/share/mr_robot_gazebo/local_setup.bash
[1.708s] -- Installing: /home/dream_hell/learning_rmf_ws/src/install/mr_robot_gazebo/share/mr_robot_gazebo/local_setup.sh
[1.708s] -- Installing: /home/dream_hell/learning_rmf_ws/src/install/mr_robot_gazebo/share/mr_robot_gazebo/local_setup.zsh
[1.709s] -- Installing: /home/dream_hell/learning_rmf_ws/src/install/mr_robot_gazebo/share/mr_robot_gazebo/local_setup.dsv
[1.710s] -- Installing: /home/dream_hell/learning_rmf_ws/src/install/mr_robot_gazebo/share/mr_robot_gazebo/package.dsv
[1.710s] -- Installing: /home/dream_hell/learning_rmf_ws/src/install/mr_robot_gazebo/share/ament_index/resource_index/packages/mr_robot_gazebo
[1.711s] -- Installing: /home/dream_hell/learning_rmf_ws/src/install/mr_robot_gazebo/share/mr_robot_gazebo/cmake/mr_robot_gazeboConfig.cmake
[1.711s] -- Installing: /home/dream_hell/learning_rmf_ws/src/install/mr_robot_gazebo/share/mr_robot_gazebo/cmake/mr_robot_gazeboConfig-version.cmake
[1.711s] -- Installing: /home/dream_hell/learning_rmf_ws/src/install/mr_robot_gazebo/share/mr_robot_gazebo/package.xml
[1.714s] Invoked command in '/home/dream_hell/learning_rmf_ws/src/build/mr_robot_gazebo' returned '0': CMAKE_PREFIX_PATH=/opt/ros/humble /usr/bin/cmake --install /home/dream_hell/learning_rmf_ws/src/build/mr_robot_gazebo
