[0.299s] Invoking command in '/home/dream_hell/learning_rmf_ws/src/build/mr_robot_gazebo': CMAKE_PREFIX_PATH=${CMAKE_PREFIX_PATH}:/home/dream_hell/learning_rmf_ws/src/install/mr_robot_description:/opt/ros/humble /usr/bin/cmake --build /home/dream_hell/learning_rmf_ws/src/build/mr_robot_gazebo -- -j8 -l8
[0.362s] -- Found ament_cmake: 1.3.11 (/opt/ros/humble/share/ament_cmake/cmake)
[0.571s] -- Found ament_lint_auto: 0.12.12 (/opt/ros/humble/share/ament_lint_auto/cmake)
[0.677s] -- Added test 'flake8' to check Python code syntax and style conventions
[0.677s] -- Added test 'lint_cmake' to check CMake code style
[0.678s] -- Added test 'pep257' to check Python code against some of the docstring style conventions in PEP 257
[0.679s] -- Added test 'xmllint' to check XML markup files
[0.681s] -- Configuring done
[0.688s] -- Generating done
[0.690s] -- Build files have been written to: /home/dream_hell/learning_rmf_ws/src/build/mr_robot_gazebo
[0.742s] Invoked command in '/home/dream_hell/learning_rmf_ws/src/build/mr_robot_gazebo' returned '0': CMAKE_PREFIX_PATH=${CMAKE_PREFIX_PATH}:/home/dream_hell/learning_rmf_ws/src/install/mr_robot_description:/opt/ros/humble /usr/bin/cmake --build /home/dream_hell/learning_rmf_ws/src/build/mr_robot_gazebo -- -j8 -l8
[0.762s] Invoking command in '/home/dream_hell/learning_rmf_ws/src/build/mr_robot_gazebo': CMAKE_PREFIX_PATH=${CMAKE_PREFIX_PATH}:/home/dream_hell/learning_rmf_ws/src/install/mr_robot_description:/opt/ros/humble /usr/bin/cmake --install /home/dream_hell/learning_rmf_ws/src/build/mr_robot_gazebo
[0.772s] -- Install configuration: ""
[0.772s] -- Up-to-date: /home/dream_hell/learning_rmf_ws/src/install/mr_robot_gazebo/share/mr_robot_gazebo/launch
[0.772s] -- Installing: /home/dream_hell/learning_rmf_ws/src/install/mr_robot_gazebo/share/mr_robot_gazebo/launch/robot.launch.py
[0.773s] -- Up-to-date: /home/dream_hell/learning_rmf_ws/src/install/mr_robot_gazebo/share/mr_robot_gazebo/worlds
[0.773s] -- Up-to-date: /home/dream_hell/learning_rmf_ws/src/install/mr_robot_gazebo/share/mr_robot_gazebo/worlds/world.sdf
[0.773s] -- Up-to-date: /home/dream_hell/learning_rmf_ws/src/install/mr_robot_gazebo/share/mr_robot_gazebo/config
[0.773s] -- Installing: /home/dream_hell/learning_rmf_ws/src/install/mr_robot_gazebo/share/mr_robot_gazebo/config/ekf.yaml
[0.774s] -- Installing: /home/dream_hell/learning_rmf_ws/src/install/mr_robot_gazebo/share/mr_robot_gazebo/config/params.yaml
[0.774s] -- Up-to-date: /home/dream_hell/learning_rmf_ws/src/install/mr_robot_gazebo/share/mr_robot_gazebo/config/bridge.yaml
[0.774s] -- Installing: /home/dream_hell/learning_rmf_ws/src/install/mr_robot_gazebo/share/ament_index/resource_index/package_run_dependencies/mr_robot_gazebo
[0.774s] -- Installing: /home/dream_hell/learning_rmf_ws/src/install/mr_robot_gazebo/share/ament_index/resource_index/parent_prefix_path/mr_robot_gazebo
[0.775s] -- Up-to-date: /home/dream_hell/learning_rmf_ws/src/install/mr_robot_gazebo/share/mr_robot_gazebo/environment/ament_prefix_path.sh
[0.775s] -- Installing: /home/dream_hell/learning_rmf_ws/src/install/mr_robot_gazebo/share/mr_robot_gazebo/environment/ament_prefix_path.dsv
[0.775s] -- Up-to-date: /home/dream_hell/learning_rmf_ws/src/install/mr_robot_gazebo/share/mr_robot_gazebo/environment/path.sh
[0.775s] -- Installing: /home/dream_hell/learning_rmf_ws/src/install/mr_robot_gazebo/share/mr_robot_gazebo/environment/path.dsv
[0.775s] -- Up-to-date: /home/dream_hell/learning_rmf_ws/src/install/mr_robot_gazebo/share/mr_robot_gazebo/local_setup.bash
[0.775s] -- Up-to-date: /home/dream_hell/learning_rmf_ws/src/install/mr_robot_gazebo/share/mr_robot_gazebo/local_setup.sh
[0.776s] -- Up-to-date: /home/dream_hell/learning_rmf_ws/src/install/mr_robot_gazebo/share/mr_robot_gazebo/local_setup.zsh
[0.776s] -- Installing: /home/dream_hell/learning_rmf_ws/src/install/mr_robot_gazebo/share/mr_robot_gazebo/local_setup.dsv
[0.776s] -- Installing: /home/dream_hell/learning_rmf_ws/src/install/mr_robot_gazebo/share/mr_robot_gazebo/package.dsv
[0.776s] -- Up-to-date: /home/dream_hell/learning_rmf_ws/src/install/mr_robot_gazebo/share/ament_index/resource_index/packages/mr_robot_gazebo
[0.776s] -- Up-to-date: /home/dream_hell/learning_rmf_ws/src/install/mr_robot_gazebo/share/mr_robot_gazebo/cmake/mr_robot_gazeboConfig.cmake
[0.777s] -- Up-to-date: /home/dream_hell/learning_rmf_ws/src/install/mr_robot_gazebo/share/mr_robot_gazebo/cmake/mr_robot_gazeboConfig-version.cmake
[0.777s] -- Installing: /home/dream_hell/learning_rmf_ws/src/install/mr_robot_gazebo/share/mr_robot_gazebo/package.xml
[0.779s] Invoked command in '/home/dream_hell/learning_rmf_ws/src/build/mr_robot_gazebo' returned '0': CMAKE_PREFIX_PATH=${CMAKE_PREFIX_PATH}:/home/dream_hell/learning_rmf_ws/src/install/mr_robot_description:/opt/ros/humble /usr/bin/cmake --install /home/dream_hell/learning_rmf_ws/src/build/mr_robot_gazebo
